<html>
<body>
<pre>
<h1>礦ision Build Log</h1>
<h2>Project:</h2>
H:\如意项目\RUYISTM32\Project\ruyi.uvproj
Project File Date:  09/30/2015

<h2>Output:</h2>
Rebuild target 'ruyi'
compiling main.c...
compiling stm32f10x_it.c...
compiling SystemBody.c...
SystemBody.c(110): warning:  #177-D: variable "ADC_InitStructure" was declared but never referenced
          ADC_InitTypeDef ADC_InitStructure; 
SystemBody.c: 1 warning, 0 errors
compiling protocal.c...
compiling misc.c...
compiling stm32f10x_adc.c...
compiling stm32f10x_bkp.c...
compiling stm32f10x_can.c...
compiling stm32f10x_cec.c...
compiling stm32f10x_crc.c...
compiling stm32f10x_dac.c...
compiling stm32f10x_dbgmcu.c...
compiling stm32f10x_dma.c...
compiling stm32f10x_exti.c...
compiling stm32f10x_flash.c...
compiling stm32f10x_fsmc.c...
compiling stm32f10x_gpio.c...
compiling stm32f10x_i2c.c...
compiling stm32f10x_iwdg.c...
compiling stm32f10x_pwr.c...
compiling stm32f10x_rcc.c...
compiling stm32f10x_rtc.c...
compiling stm32f10x_sdio.c...
compiling stm32f10x_spi.c...
compiling stm32f10x_tim.c...
compiling stm32f10x_usart.c...
compiling stm32f10x_wwdg.c...
compiling system_stm32f10x.c...
compiling core_cm3.c...
assembling startup_stm32f10x_cl.s...
linking...
Program Size: Code=2680 RO-data=368 RW-data=24 ZI-data=1088  
FromELF: creating hex file...
"..\Output\ruyi.axf" - 0 Error(s), 1 Warning(s).
</pre>
</body>
</html>

Not enough information to list image symbols.
Finished: 1 information, 0 warning and 1 error messages.
"..\Output\ruyi.axf" - 1 Error(s), 2 Warning(s).
Target not created
.c(1): warning:  #1-D: last line of file ends without a newline
  #include "protocal.h"
protocal.h(38): warning:  #1-D: last line of file ends without a newline
  #endif
protocal.c: 2 warnings, 0 errors
"protocal.c" - 0 Error(s), 2 Warning(s).
