ARM Linker, 4.1 [Build 481] [Standard]

==============================================================================

Section Cross References

    main.o(i.main) refers to sz_spi_flash.o(i.SPI_FLASH_Init) for SPI_FLASH_Init
    main.o(i.main) refers to win_24c02.o(i.AT24C02_Init) for AT24C02_Init
    main.o(i.main) refers to systembody.o(i.delay_ms) for delay_ms
    main.o(i.main) refers to systembody.o(i.TIM4_Init) for TIM4_Init
    main.o(i.main) refers to systembody.o(i.FirstSaveSystemInfo) for FirstSaveSystemInfo
    main.o(i.main) refers to systembody.o(i.getTimeandDeviceInfo) for getTimeandDeviceInfo
    main.o(i.main) refers to systembody.o(i.NVIC_Configuration) for NVIC_Configuration
    main.o(i.main) refers to systembody.o(i.GPIO_Config) for GPIO_Config
    main.o(i.main) refers to usart.o(i.USART_Config) for USART_Config
    main.o(i.main) refers to systembody.o(i.ADC_Config) for ADC_Config
    main.o(i.main) refers to systembody.o(i.DMA_Config) for DMA_Config
    main.o(i.main) refers to systembody.o(i.CAN_Config) for CAN_Config
    main.o(i.main) refers to usart.o(i.SysTickConfig) for SysTickConfig
    main.o(i.main) refers to systembody.o(i.Delay) for Delay
    main.o(i.main) refers to systembody.o(i.TIM5_Init) for TIM5_Init
    main.o(i.main) refers to systembody.o(i.TIM3_Int_Init) for TIM3_Int_Init
    main.o(i.main) refers to messagesave.o(i.ReadFlashpara) for ReadFlashpara
    main.o(i.main) refers to sampling.o(i.ReadResistorCoefficientPara) for ReadResistorCoefficientPara
    main.o(i.main) refers to sampling.o(i.ReadMessageCacheCnt) for ReadMessageCacheCnt
    main.o(i.main) refers to stm32f10x_gpio.o(i.GPIO_ResetBits) for GPIO_ResetBits
    main.o(i.main) refers to systembody.o(i.LED_Init) for LED_Init
    main.o(i.main) refers to ds1302.o(i.Get_DS1302) for Get_DS1302
    main.o(i.main) refers to systembody.o(i.recordTime) for recordTime
    main.o(i.main) refers to ffltui.o(.text) for __aeabi_ui2f
    main.o(i.main) refers to fmul.o(.text) for __aeabi_fmul
    main.o(i.main) refers to fdiv.o(.text) for __aeabi_fdiv
    main.o(i.main) refers to sampling.o(i.TemperatureMeasureCalibration) for TemperatureMeasureCalibration
    main.o(i.main) refers to sampling.o(i.CalculateTemperature) for CalculateTemperature
    main.o(i.main) refers to ffixui.o(.text) for __aeabi_f2uiz
    main.o(i.main) refers to sampling.o(i.ReadSwitch) for ReadSwitch
    main.o(i.main) refers to systembody.o(i.ReadHC165Data) for ReadHC165Data
    main.o(i.main) refers to sampling.o(i.RecordActionNumber) for RecordActionNumber
    main.o(i.main) refers to stm32f10x_gpio.o(i.GPIO_ReadInputDataBit) for GPIO_ReadInputDataBit
    main.o(i.main) refers to stm32f10x_gpio.o(i.GPIO_SetBits) for GPIO_SetBits
    main.o(i.main) refers to sampling.o(i.ComunitationLinkTest) for ComunitationLinkTest
    main.o(i.main) refers to systembody.o(i.Scan_Current_Info) for Scan_Current_Info
    main.o(i.main) refers to usart1deal.o(i.Usart1RxPackgeDeal) for Usart1RxPackgeDeal
    main.o(i.main) refers to protocal.o(i.ProtocolReply) for ProtocolReply
    main.o(i.main) refers to usart.o(i.USART1_SendMData) for USART1_SendMData
    main.o(i.main) refers to messagesave.o(i.StatusMessageReadFromFlash) for StatusMessageReadFromFlash
    main.o(i.main) refers to systembody.o(i.SendOnceMessage) for SendOnceMessage
    main.o(i.main) refers to ds1302.o(.data) for realtime
    main.o(i.main) refers to main.o(.data) for flag_Running_time
    main.o(i.main) refers to main.o(.bss) for ScanData
    main.o(i.main) refers to sampling.o(.data) for ResistorCoefficient
    main.o(i.main) refers to systembody.o(.data) for TemperErrorValue
    main.o(i.main) refers to usart1deal.o(.data) for ArresterControlEn
    main.o(i.main) refers to usart.o(.data) for Usart2RxOkFlag
    main.o(i.main) refers to usart.o(.bss) for Usart1RxBuffer
    main.o(i.main) refers to protocal.o(.data) for timefromflag
    stm32f10x_it.o(i.CAN1_RX0_IRQHandler) refers to stm32f10x_can.o(i.CAN_Receive) for CAN_Receive
    stm32f10x_it.o(i.CAN1_RX0_IRQHandler) refers to stm32f10x_it.o(.bss) for RxMessage
    stm32f10x_it.o(i.CAN1_RX0_IRQHandler) refers to main.o(.data) for canupdateflag1
    stm32f10x_it.o(i.CAN1_RX0_IRQHandler) refers to systembody.o(.data) for CanComOvertimeCnt
    stm32f10x_it.o(i.CAN2_RX0_IRQHandler) refers to stm32f10x_can.o(i.CAN_Receive) for CAN_Receive
    stm32f10x_it.o(i.CAN2_RX0_IRQHandler) refers to stm32f10x_it.o(.bss) for RxMessage
    stm32f10x_it.o(i.CAN2_RX0_IRQHandler) refers to main.o(.data) for canupdateflag1
    stm32f10x_it.o(i.CAN2_RX0_IRQHandler) refers to systembody.o(.data) for CanComOvertimeCnt
    stm32f10x_it.o(i.DMA1_Channel1_IRQHandler) refers to stm32f10x_dma.o(i.DMA_GetITStatus) for DMA_GetITStatus
    stm32f10x_it.o(i.DMA1_Channel1_IRQHandler) refers to stm32f10x_it.o(i.filter) for filter
    stm32f10x_it.o(i.DMA1_Channel1_IRQHandler) refers to stm32f10x_dma.o(i.DMA_ClearITPendingBit) for DMA_ClearITPendingBit
[...]
    ../../microlib/fpdiv.c                   0x00000000   Number         0  fdiv.o ABSOLUTE
    ../../microlib/fpepilogue.c              0x00000000   Number         0  fepilogue.o ABSOLUTE
    ../../microlib/fpfix.c                   0x00000000   Number         0  ffixui.o ABSOLUTE
    ../../microlib/fpflt.c                   0x00000000   Number         0  ffltui.o ABSOLUTE
    ../../microlib/fpflt.c                   0x00000000   Number         0  fflti.o ABSOLUTE
    ../../microlib/fpmul.c                   0x00000000   Number         0  fmul.o ABSOLUTE
    ../../microlib/init/entry.s              0x00000000   Number         0  entry2.o ABSOLUTE
    ../../microlib/init/entry.s              0x00000000   Number         0  entry5.o ABSOLUTE
    ../../microlib/init/entry.s              0x00000000   Number         0  entry7.o ABSOLUTE
    ../../microlib/init/entry.s              0x00000000   Number         0  entry.o ABSOLUTE
    ../../microlib/malloc/malloc.c           0x00000000   Number         0  mallocra.o ABSOLUTE
    ../../microlib/malloc/malloc.c           0x00000000   Number         0  malloca.o ABSOLUTE
    ../../microlib/malloc/malloc.c           0x00000000   Number         0  mallocr.o ABSOLUTE
    ../../microlib/malloc/malloc.c           0x00000000   Number         0  malloc.o ABSOLUTE
    ../../microlib/malloc/mvars.c            0x00000000   Number         0  mvars.o ABSOLUTE
    ../../microlib/string/memcpy.c           0x00000000   Number         0  memcpya.o ABSOLUTE
    ../../microlib/string/memcpy.c           0x00000000   Number         0  memcpyb.o ABSOLUTE
    ../../microlib/stubs.s                   0x00000000   Number         0  iusefp.o ABSOLUTE
    ..\Libraries\CMSIS\CM3\CoreSupport\core_cm3.c 0x00000000   Number         0  core_cm3.o ABSOLUTE
    ..\Libraries\CMSIS\CM3\DeviceSupport\ST\STM32F10x\startup\arm\startup_stm32f10x_cl.s 0x00000000   Number         0  startup_stm32f10x_cl.o ABSOLUTE
    ..\Libraries\CMSIS\CM3\DeviceSupport\ST\STM32F10x\system_stm32f10x.c 0x00000000   Number         0  system_stm32f10x.o ABSOLUTE
    ..\Libraries\STM32F10x_StdPeriph_Driver\src\misc.c 0x00000000   Number         0  misc.o ABSOLUTE
    ..\Libraries\STM32F10x_StdPeriph_Driver\src\stm32f10x_adc.c 0x00000000   Number         0  stm32f10x_adc.o ABSOLUTE
    ..\Libraries\STM32F10x_StdPeriph_Driver\src\stm32f10x_bkp.c 0x00000000   Number         0  stm32f10x_bkp.o ABSOLUTE
    ..\Libraries\STM32F10x_StdPeriph_Driver\src\stm32f10x_can.c 0x00000000   Number         0  stm32f10x_can.o ABSOLUTE
    ..\Libraries\STM32F10x_StdPeriph_Driver\src\stm32f10x_cec.c 0x00000000   Number         0  stm32f10x_cec.o ABSOLUTE
    ..\Libraries\STM32F10x_StdPeriph_Driver\src\stm32f10x_crc.c 0x00000000   Number         0  stm32f10x_crc.o ABSOLUTE
    ..\Libraries\STM32F10x_StdPeriph_Driver\src\stm32f10x_dac.c 0x00000000   Number         0  stm32f10x_dac.o ABSOLUTE
    ..\Libraries\STM32F10x_StdPeriph_Driver\src\stm32f10x_dbgmcu.c 0x00000000   Number         0  stm32f10x_dbgmcu.o ABSOLUTE
    ..\Libraries\STM32F10x_StdPeriph_Driver\src\stm32f10x_dma.c 0x00000000   Number         0  stm32f10x_dma.o ABSOLUTE
    ..\Libraries\STM32F10x_StdPeriph_Driver\src\stm32f10x_exti.c 0x00000000   Number         0  stm32f10x_exti.o ABSOLUTE
    ..\Libraries\STM32F10x_StdPeriph_Driver\src\stm32f10x_flash.c 0x00000000   Number         0  stm32f10x_flash.o ABSOLUTE
    ..\Libraries\STM32F10x_StdPeriph_Driver\src\stm32f10x_fsmc.c 0x00000000   Number         0  stm32f10x_fsmc.o ABSOLUTE
    ..\Libraries\STM32F10x_StdPeriph_Driver\src\stm32f10x_gpio.c 0x00000000   Number         0  stm32f10x_gpio.o ABSOLUTE
    ..\Libraries\STM32F10x_StdPeriph_Driver\src\stm32f10x_i2c.c 0x00000000   Number         0  stm32f10x_i2c.o ABSOLUTE
    ..\Libraries\STM32F10x_StdPeriph_Driver\src\stm32f10x_iwdg.c 0x00000000   Number         0  stm32f10x_iwdg.o ABSOLUTE
    ..\Libraries\STM32F10x_StdPeriph_Driver\src\stm32f10x_pwr.c 0x00000000   Number         0  stm32f10x_pwr.o ABSOLUTE
    ..\Libraries\STM32F10x_StdPeriph_Driver\src\stm32f10x_rcc.c 0x00000000   Number         0  stm32f10x_rcc.o ABSOLUTE
    ..\Libraries\STM32F10x_StdPeriph_Driver\src\stm32f10x_rtc.c 0x00000000   Number         0  stm32f10x_rtc.o ABSOLUTE
    ..\Libraries\STM32F10x_StdPeriph_Driver\src\stm32f10x_sdio.c 0x00000000   Number         0  stm32f10x_sdio.o ABSOLUTE
    ..\Libraries\STM32F10x_StdPeriph_Driver\src\stm32f10x_spi.c 0x00000000   Number         0  stm32f10x_spi.o ABSOLUTE
    ..\Libraries\STM32F10x_StdPeriph_Driver\src\stm32f10x_tim.c 0x00000000   Number         0  stm32f10x_tim.o ABSOLUTE
    ..\Libraries\STM32F10x_StdPeriph_Driver\src\stm32f10x_usart.c 0x00000000   Number         0  stm32f10x_usart.o ABSOLUTE
    ..\Libraries\STM32F10x_StdPeriph_Driver\src\stm32f10x_wwdg.c 0x00000000   Number         0  stm32f10x_wwdg.o ABSOLUTE
    ..\\Libraries\\CMSIS\\CM3\\CoreSupport\\core_cm3.c 0x00000000   Number         0  core_cm3.o ABSOLUTE
    MessageSave.c                            0x00000000   Number         0  messagesave.o ABSOLUTE
    SZ_SPI_FLASH.c                           0x00000000   Number         0  sz_spi_flash.o ABSOLUTE
    Sampling.c                               0x00000000   Number         0  sampling.o ABSOLUTE
    SystemBody.c                             0x00000000   Number         0  systembody.o ABSOLUTE
    USART.C                                  0x00000000   Number         0  usart.o ABSOLUTE
    Usart1Deal.c                             0x00000000   Number         0  usart1deal.o ABSOLUTE
    WIN_24C02.c                              0x00000000   Number         0  win_24c02.o ABSOLUTE
    cfcmple.s                                0x00000000   Number         0  cfcmple.o ABSOLUTE
    cfrcmple.s                               0x00000000   Number         0  cfrcmple.o ABSOLUTE
    dc.s                                     0x00000000   Number         0  dc.o ABSOLUTE
    ds1302.c                                 0x00000000   Number         0  ds1302.o ABSOLUTE
    handlers.s                               0x00000000   Number         0  handlers.o ABSOLUTE
    init.s                                   0x00000000   Number         0  init.o ABSOLUTE
    main.c                                   0x00000000   Number         0  main.o ABSOLUTE
    protocal.c                               0x00000000   Number         0  protocal.o ABSOLUTE
    stm32f10x_it.c                           0x00000000   Number         0  stm32f10x_it.o ABSOLUTE
    RESET                                    0x08000000   Section      336  startup_stm32f10x_cl.o(RESET)
    .ARM.Collect$$$$00000000                 0x08000150   Section        0  entry.o(.ARM.Collect$$$$00000000)
    .ARM.Collect$$$$00000001                 0x08000150   Section        4  entry2.o(.ARM.Collect$$$$00000001)
    .ARM.Collect$$$$00000004                 0x08000154   Section        4  entry5.o(.ARM.Collect$$$$00000004)
    .ARM.Collect$$$$00000007                 0x08000158   Section        8  entry7.o(.ARM.Collect$$$$00000007)
    .ARM.Collect$$$$00002712                 0x08000160   Section        4  entry2.o(.ARM.Collect$$$$00002712)
    __lit__00000000                          0x08000160   Data           4  entry2.o(.ARM.Collect$$$$00002712)
    .text                                    0x08000164   Section       36  startup_stm32f10x_cl.o(.text)
    .text                                    0x08000188   Section        0  fadd.o(.text)
    .text                                    0x08000238   Section        0  fmul.o(.text)
    .text                                    0x080002a4   Section        0  fdiv.o(.text)
    .text                                    0x08000324   Section        0  fflti.o(.text)
    .text                                    0x08000336   Section        0  ffltui.o(.text)
    .text                                    0x08000340   Section        0  ffixui.o(.text)
    .text                                    0x08000368   Section       20  cfcmple.o(.text)
    .text                                    0x0800037c   Section       20  cfrcmple.o(.text)
    .text                                    0x08000390   Section        0  fepilogue.o(.text)
    .text                                    0x08000390   Section        0  iusefp.o(.text)
    .text                                    0x08000400   Section       36  init.o(.text)
    i.ADC_Cmd                                0x08000424   Section        0  stm32f10x_adc.o(i.ADC_Cmd)
    i.ADC_Config                             0x0800043c   Section        0  systembody.o(i.ADC_Config)
    i.ADC_DMACmd                             0x080004f4   Section        0  stm32f10x_adc.o(i.ADC_DMACmd)
    i.ADC_DeInit                             0x0800050c   Section        0  stm32f10x_adc.o(i.ADC_DeInit)
    i.ADC_GetCalibrationStatus               0x08000568   Section        0  stm32f10x_adc.o(i.ADC_GetCalibrationStatus)
    i.ADC_GetResetCalibrationStatus          0x0800057c   Section        0  stm32f10x_adc.o(i.ADC_GetResetCalibrationStatus)
    i.ADC_Init                               0x08000590   Section        0  stm32f10x_adc.o(i.ADC_Init)
    i.ADC_RegularChannelConfig               0x080005e0   Section        0  stm32f10x_adc.o(i.ADC_RegularChannelConfig)
    i.ADC_ResetCalibration                   0x08000698   Section        0  stm32f10x_adc.o(i.ADC_ResetCalibration)
    i.ADC_SoftwareStartConvCmd               0x080006a2   Section        0  stm32f10x_adc.o(i.ADC_SoftwareStartConvCmd)
    i.ADC_StartCalibration                   0x080006b8   Section        0  stm32f10x_adc.o(i.ADC_StartCalibration)
    i.AT24C02_Init                           0x080006c4   Section        0  win_24c02.o(i.AT24C02_Init)
    i.AT24C02_SDA_IO_SET                     0x08000710   Section        0  win_24c02.o(i.AT24C02_SDA_IO_SET)
    i.ActionNumberClear                      0x08000754   Section        0  sampling.o(i.ActionNumberClear)
    i.BusFault_Handler                       0x08000770   Section        0  stm32f10x_it.o(i.BusFault_Handler)
    i.CAN1_RX0_IRQHandler                    0x08000774   Section        0  stm32f10x_it.o(i.CAN1_RX0_IRQHandler)
    i.CAN2_RX0_IRQHandler                    0x08000834   Section        0  stm32f10x_it.o(i.CAN2_RX0_IRQHandler)
    i.CAN_Config                             0x080008f4   Section        0  systembody.o(i.CAN_Config)
    i.CAN_DeInit                             0x08000a2c   Section        0  stm32f10x_can.o(i.CAN_DeInit)
    i.CAN_FilterInit                         0x08000a64   Section        0  stm32f10x_can.o(i.CAN_FilterInit)
    i.CAN_ITConfig                           0x08000b7c   Section        0  stm32f10x_can.o(i.CAN_ITConfig)
    i.CAN_Init                               0x08000b8e   Section        0  stm32f10x_can.o(i.CAN_Init)
    i.CAN_Receive                            0x08000caa   Section        0  stm32f10x_can.o(i.CAN_Receive)
    i.CalculateTemperature                   0x08000d9c   Section        0  sampling.o(i.CalculateTemperature)
    i.CompareDigData                         0x08000e70   Section        0  sampling.o(i.CompareDigData)
    i.ComunitationLinkTest                   0x08000ee8   Section        0  sampling.o(i.ComunitationLinkTest)
    i.DMA1_Channel1_IRQHandler               0x08001070   Section        0  stm32f10x_it.o(i.DMA1_Channel1_IRQHandler)
    i.DMA_ClearITPendingBit                  0x08001088   Section        0  stm32f10x_dma.o(i.DMA_ClearITPendingBit)
    i.DMA_Cmd                                0x080010a4   Section        0  stm32f10x_dma.o(i.DMA_Cmd)
    i.DMA_Config                             0x080010bc   Section        0  systembody.o(i.DMA_Config)
    i.DMA_DeInit                             0x08001124   Section        0  stm32f10x_dma.o(i.DMA_DeInit)
    i.DMA_GetITStatus                        0x08001274   Section        0  stm32f10x_dma.o(i.DMA_GetITStatus)
    i.DMA_ITConfig                           0x080012a0   Section        0  stm32f10x_dma.o(i.DMA_ITConfig)
    i.DMA_Init                               0x080012b2   Section        0  stm32f10x_dma.o(i.DMA_Init)
    i.DS1302_IO_PORT_DDR_SET                 0x080012f0   Section        0  ds1302.o(i.DS1302_IO_PORT_DDR_SET)
    i.DS1302_Read                            0x08001324   Section        0  ds1302.o(i.DS1302_Read)
    i.DS1302_Read_Byte                       0x08001374   Section        0  ds1302.o(i.DS1302_Read_Byte)
    i.DS1302_Write                           0x080013c0   Section        0  ds1302.o(i.DS1302_Write)
    i.DS1302_Write_Byte                      0x0800140c   Section        0  ds1302.o(i.DS1302_Write_Byte)
    i.DebugMon_Handler                       0x0800145c   Section        0  stm32f10x_it.o(i.DebugMon_Handler)
    i.Delay                                  0x0800145e   Section        0  systembody.o(i.Delay)
    i.ErrorMessageContinueSend               0x08001468   Section        0  systembody.o(i.ErrorMessageContinueSend)
    i.ErrorRealtimeTest                      0x08001980   Section        0  systembody.o(i.ErrorRealtimeTest)
    i.ErrorTest                              0x080026f4   Section        0  systembody.o(i.ErrorTest)
    i.FirstSaveSystemInfo                    0x08002700   Section        0  systembody.o(i.FirstSaveSystemInfo)
    i.GPIO_Config                            0x08002894   Section        0  systembody.o(i.GPIO_Config)
    i.GPIO_Init                              0x080029e4   Section        0  stm32f10x_gpio.o(i.GPIO_Init)
    i.GPIO_PinRemapConfig                    0x08002af8   Section        0  stm32f10x_gpio.o(i.GPIO_PinRemapConfig)
    i.GPIO_ReadInputData                     0x08002b88   Section        0  stm32f10x_gpio.o(i.GPIO_ReadInputData)
    i.GPIO_ReadInputDataBit                  0x08002b90   Section        0  stm32f10x_gpio.o(i.GPIO_ReadInputDataBit)
    i.GPIO_ResetBits                         0x08002ba2   Section        0  stm32f10x_gpio.o(i.GPIO_ResetBits)
    i.GPIO_SetBits                           0x08002ba6   Section        0  stm32f10x_gpio.o(i.GPIO_SetBits)
    i.GetDigDataBuffer                       0x08002bac   Section        0  sampling.o(i.GetDigDataBuffer)
    i.GetDigDataCurrent                      0x08002be0   Section        0  sampling.o(i.GetDigDataCurrent)
    i.Get_DS1302                             0x08002c14   Section        0  ds1302.o(i.Get_DS1302)
    i.HardFault_Handler                      0x08002c60   Section        0  stm32f10x_it.o(i.HardFault_Handler)
    i.LED_Init                               0x08002c64   Section        0  systembody.o(i.LED_Init)
    i.MemManage_Handler                      0x08002cb0   Section        0  stm32f10x_it.o(i.MemManage_Handler)
    i.NMI_Handler                            0x08002cb4   Section        0  stm32f10x_it.o(i.NMI_Handler)
    i.NVIC_Configuration                     0x08002cb6   Section        0  systembody.o(i.NVIC_Configuration)
    i.NVIC_Init                              0x08002db0   Section        0  misc.o(i.NVIC_Init)
    i.NVIC_PriorityGroupConfig               0x08002e34   Section        0  misc.o(i.NVIC_PriorityGroupConfig)
    i.PendSV_Handler                         0x08002e48   Section        0  stm32f10x_it.o(i.PendSV_Handler)
    i.ProtocolReply                          0x08002e4c   Section        0  protocal.o(i.ProtocolReply)
    i.RCC_ADCCLKConfig                       0x08002f18   Section        0  stm32f10x_rcc.o(i.RCC_ADCCLKConfig)
    i.RCC_AHBPeriphClockCmd                  0x08002f30   Section        0  stm32f10x_rcc.o(i.RCC_AHBPeriphClockCmd)
    i.RCC_APB1PeriphClockCmd                 0x08002f50   Section        0  stm32f10x_rcc.o(i.RCC_APB1PeriphClockCmd)
    i.RCC_APB1PeriphResetCmd                 0x08002f70   Section        0  stm32f10x_rcc.o(i.RCC_APB1PeriphResetCmd)
    i.RCC_APB2PeriphClockCmd                 0x08002f90   Section        0  stm32f10x_rcc.o(i.RCC_APB2PeriphClockCmd)
    i.RCC_APB2PeriphResetCmd                 0x08002fb0   Section        0  stm32f10x_rcc.o(i.RCC_APB2PeriphResetCmd)
    i.RCC_GetClocksFreq                      0x08002fd0   Section        0  stm32f10x_rcc.o(i.RCC_GetClocksFreq)
    i.ReadFlashpara                          0x08003160   Section        0  messagesave.o(i.ReadFlashpara)
    i.ReadHC165Data                          0x080031f4   Section        0  systembody.o(i.ReadHC165Data)
    i.ReadMessageCacheCnt                    0x08003248   Section        0  sampling.o(i.ReadMessageCacheCnt)
    i.ReadResistorCoefficientPara            0x08003274   Section        0  sampling.o(i.ReadResistorCoefficientPara)
    i.ReadSwitch                             0x080032a0   Section        0  sampling.o(i.ReadSwitch)
    i.RecordActionNumber                     0x080032d0   Section        0  sampling.o(i.RecordActionNumber)
    i.SPI_Cmd                                0x080032f8   Section        0  stm32f10x_spi.o(i.SPI_Cmd)
    i.SPI_FLASH_BufferRead                   0x08003310   Section        0  sz_spi_flash.o(i.SPI_FLASH_BufferRead)
    i.SPI_FLASH_BufferWrite                  0x08003364   Section        0  sz_spi_flash.o(i.SPI_FLASH_BufferWrite)
    i.SPI_FLASH_Init                         0x08003488   Section        0  sz_spi_flash.o(i.SPI_FLASH_Init)
    i.SPI_FLASH_PageWrite                    0x0800355c   Section        0  sz_spi_flash.o(i.SPI_FLASH_PageWrite)
    i.SPI_FLASH_SectorErase                  0x080035c0   Section        0  sz_spi_flash.o(i.SPI_FLASH_SectorErase)
    i.SPI_FLASH_SendByte                     0x08003604   Section        0  sz_spi_flash.o(i.SPI_FLASH_SendByte)
    i.SPI_FLASH_WaitForWriteEnd              0x0800363c   Section        0  sz_spi_flash.o(i.SPI_FLASH_WaitForWriteEnd)
    i.SPI_FLASH_WriteEnable                  0x08003674   Section        0  sz_spi_flash.o(i.SPI_FLASH_WriteEnable)
    i.SPI_Flash_WAKEUP                       0x08003698   Section        0  sz_spi_flash.o(i.SPI_Flash_WAKEUP)
    i.SPI_I2S_GetFlagStatus                  0x080036bc   Section        0  stm32f10x_spi.o(i.SPI_I2S_GetFlagStatus)
    i.SPI_I2S_ReceiveData                    0x080036ce   Section        0  stm32f10x_spi.o(i.SPI_I2S_ReceiveData)
    i.SPI_I2S_SendData                       0x080036d4   Section        0  stm32f10x_spi.o(i.SPI_I2S_SendData)
    i.SPI_Init                               0x080036d8   Section        0  stm32f10x_spi.o(i.SPI_Init)
    i.SVC_Handler                            0x08003714   Section        0  stm32f10x_it.o(i.SVC_Handler)
    i.SaveFlashpara                          0x08003718   Section        0  messagesave.o(i.SaveFlashpara)
    i.SaveResistorCoefficientPara            0x08003784   Section        0  sampling.o(i.SaveResistorCoefficientPara)
    i.Scan_Current_Info                      0x080037b0   Section        0  systembody.o(i.Scan_Current_Info)
    i.SendOnceMessage                        0x080038a8   Section        0  systembody.o(i.SendOnceMessage)
    i.Send_Instruction                       0x08003978   Section        0  usart.o(i.Send_Instruction)
    i.SetSysClock                            0x08003a20   Section        0  system_stm32f10x.o(i.SetSysClock)
    SetSysClock                              0x08003a21   Thumb Code     8  system_stm32f10x.o(i.SetSysClock)
    i.SetSysClockTo72                        0x08003a28   Section        0  system_stm32f10x.o(i.SetSysClockTo72)
    SetSysClockTo72                          0x08003a29   Thumb Code   240  system_stm32f10x.o(i.SetSysClockTo72)
    i.Set_DS1302                             0x08003b28   Section        0  ds1302.o(i.Set_DS1302)
    i.StatusMessageReadFromFlash             0x08003b9c   Section        0  messagesave.o(i.StatusMessageReadFromFlash)
    i.StatusMessageReadInit                  0x08003ca8   Section        0  messagesave.o(i.StatusMessageReadInit)
    i.StatusMessageSaveToFlash               0x08003f0c   Section        0  messagesave.o(i.StatusMessageSaveToFlash)
    i.SysTickConfig                          0x08003fbc   Section        0  usart.o(i.SysTickConfig)
    i.SysTick_Handler                        0x08004010   Section        0  stm32f10x_it.o(i.SysTick_Handler)
    i.SystemInit                             0x08004074   Section        0  system_stm32f10x.o(i.SystemInit)
    i.TIM3_IRQHandler                        0x080040e0   Section        0  stm32f10x_it.o(i.TIM3_IRQHandler)
    i.TIM3_Int_Init                          0x08004260   Section        0  systembody.o(i.TIM3_Int_Init)
    i.TIM4_IRQHandler                        0x080042a0   Section        0  stm32f10x_it.o(i.TIM4_IRQHandler)
    i.TIM4_Init                              0x080042bc   Section        0  systembody.o(i.TIM4_Init)
    i.TIM5_IRQHandler                        0x08004304   Section        0  stm32f10x_it.o(i.TIM5_IRQHandler)
    i.TIM5_Init                              0x080043d4   Section        0  systembody.o(i.TIM5_Init)
    i.TIM_ClearITPendingBit                  0x08004420   Section        0  stm32f10x_tim.o(i.TIM_ClearITPendingBit)
    i.TIM_Cmd                                0x08004426   Section        0  stm32f10x_tim.o(i.TIM_Cmd)
    i.TIM_GetITStatus                        0x0800443e   Section        0  stm32f10x_tim.o(i.TIM_GetITStatus)
    i.TIM_ITConfig                           0x08004460   Section        0  stm32f10x_tim.o(i.TIM_ITConfig)
    i.TIM_TimeBaseInit                       0x08004478   Section        0  stm32f10x_tim.o(i.TIM_TimeBaseInit)
    i.TemperatureMeasureCalibration          0x0800451c   Section        0  sampling.o(i.TemperatureMeasureCalibration)
    i.UART4_IRQHandler                       0x080045e0   Section        0  stm32f10x_it.o(i.UART4_IRQHandler)
    i.UART4_SendData                         0x08004654   Section        0  usart.o(i.UART4_SendData)
    i.UART4_SendMData                        0x08004674   Section        0  usart.o(i.UART4_SendMData)
    i.USART1_IRQHandler                      0x08004690   Section        0  stm32f10x_it.o(i.USART1_IRQHandler)
    i.USART1_SendData                        0x08004704   Section        0  usart.o(i.USART1_SendData)
    i.USART1_SendMData                       0x08004724   Section        0  usart.o(i.USART1_SendMData)
    i.USART2_IRQHandler                      0x08004740   Section        0  stm32f10x_it.o(i.USART2_IRQHandler)
    i.USART3_IRQHandler                      0x080047b4   Section        0  stm32f10x_it.o(i.USART3_IRQHandler)
    i.USART3_SendData                        0x08004828   Section        0  usart.o(i.USART3_SendData)
    i.USART3_SendMData                       0x08004848   Section        0  usart.o(i.USART3_SendMData)
    i.USART_ClearITPendingBit                0x08004864   Section        0  stm32f10x_usart.o(i.USART_ClearITPendingBit)
    i.USART_Cmd                              0x08004882   Section        0  stm32f10x_usart.o(i.USART_Cmd)
    i.USART_Config                           0x0800489c   Section        0  usart.o(i.USART_Config)
    i.USART_GetFlagStatus                    0x08004a74   Section        0  stm32f10x_usart.o(i.USART_GetFlagStatus)
    i.USART_GetITStatus                      0x08004a8e   Section        0  stm32f10x_usart.o(i.USART_GetITStatus)
    i.USART_ITConfig                         0x08004ae2   Section        0  stm32f10x_usart.o(i.USART_ITConfig)
    i.USART_Init                             0x08004b2c   Section        0  stm32f10x_usart.o(i.USART_Init)
    i.USART_ReceiveData                      0x08004c04   Section        0  stm32f10x_usart.o(i.USART_ReceiveData)
    i.USART_SendData                         0x08004c0e   Section        0  stm32f10x_usart.o(i.USART_SendData)
    i.UsageFault_Handler                     0x08004c16   Section        0  stm32f10x_it.o(i.UsageFault_Handler)
    i.Usart1RxPackgeDeal                     0x08004c1c   Section        0  usart1deal.o(i.Usart1RxPackgeDeal)
    i.WIN24C02_BufferRead                    0x08005374   Section        0  win_24c02.o(i.WIN24C02_BufferRead)
    i.WIN24C02_BufferWrite                   0x0800539e   Section        0  win_24c02.o(i.WIN24C02_BufferWrite)
    i.WIN24C02_init                          0x080053d0   Section        0  win_24c02.o(i.WIN24C02_init)
    i.WIN24C02_read                          0x080053f4   Section        0  win_24c02.o(i.WIN24C02_read)
    i.WIN24C02_write                         0x08005432   Section        0  win_24c02.o(i.WIN24C02_write)
    i.__scatterload_copy                     0x08005466   Section       14  handlers.o(i.__scatterload_copy)
    i.__scatterload_null                     0x08005474   Section        2  handlers.o(i.__scatterload_null)
    i.__scatterload_zeroinit                 0x08005476   Section       14  handlers.o(i.__scatterload_zeroinit)
    i.allinfoTochar                          0x08005484   Section        0  protocal.o(i.allinfoTochar)
    i.changeMessageCacheCnt                  0x08005590   Section        0  sampling.o(i.changeMessageCacheCnt)
    i.charToint8                             0x080055dc   Section        0  protocal.o(i.charToint8)
    i.charTouintx                            0x08005608   Section        0  protocal.o(i.charTouintx)
    i.clock                                  0x0800563c   Section        0  win_24c02.o(i.clock)
    i.creatPtrTotrans                        0x08005688   Section        0  protocal.o(i.creatPtrTotrans)
    i.delay2                                 0x08005874   Section        0  win_24c02.o(i.delay2)
    i.delay_ms                               0x08005880   Section        0  systembody.o(i.delay_ms)
    i.delay_nop                              0x080058a0   Section        0  win_24c02.o(i.delay_nop)
    i.extractFCandAdrandId                   0x080058b0   Section        0  protocal.o(i.extractFCandAdrandId)
    i.extractHEADandTAIL                     0x080058f0   Section        0  protocal.o(i.extractHEADandTAIL)
    i.filter                                 0x08005934   Section        0  stm32f10x_it.o(i.filter)
    i.free                                   0x08005974   Section        0  malloc.o(i.free)
    i.getTimeandDeviceInfo                   0x080059c4   Section        0  systembody.o(i.getTimeandDeviceInfo)
    i.isdevinforight                         0x08005ae4   Section        0  protocal.o(i.isdevinforight)
    i.main                                   0x08005b08   Section        0  main.o(i.main)
    i.malloc                                 0x08005e04   Section        0  malloc.o(i.malloc)
    i.parseChar_ptr                          0x08005e70   Section        0  protocal.o(i.parseChar_ptr)
    i.readx                                  0x08005ee4   Section        0  win_24c02.o(i.readx)
    i.recordTime                             0x08005f5c   Section        0  systembody.o(i.recordTime)
    i.releaseChar_ptr                        0x08006048   Section        0  protocal.o(i.releaseChar_ptr)
    i.save                                   0x08006058   Section        0  systembody.o(i.save)
    i.start                                  0x0800605c   Section        0  win_24c02.o(i.start)
    i.stop                                   0x0800609c   Section        0  win_24c02.o(i.stop)
    i.timeinfoTochar                         0x080060d0   Section        0  protocal.o(i.timeinfoTochar)
    i.uint8Tochar                            0x08006114   Section        0  protocal.o(i.uint8Tochar)
    i.uintxTochar                            0x08006128   Section        0  protocal.o(i.uintxTochar)
    i.writex                                 0x08006154   Section        0  win_24c02.o(i.writex)
    .constdata                               0x080061cc   Section       20  protocal.o(.constdata)
    count_base                               0x080061cc   Data          20  protocal.o(.constdata)
    .constdata                               0x080061e0   Section      844  sampling.o(.constdata)
    .data                                    0x20000000   Section       58  main.o(.data)
    .data                                    0x2000003c   Section       12  stm32f10x_it.o(.data)
    lightCountFlag                           0x20000040   Data           4  stm32f10x_it.o(.data)
    sysTickCout                              0x20000044   Data           4  stm32f10x_it.o(.data)
    .data                                    0x20000048   Section       35  systembody.o(.data)
    .data                                    0x2000006b   Section       12  protocal.o(.data)
    .data                                    0x20000077   Section       16  usart.o(.data)
    .data                                    0x20000088   Section       61  sampling.o(.data)
    .data                                    0x200000c8   Section       36  messagesave.o(.data)
    .data                                    0x200000ec   Section       18  ds1302.o(.data)
    .data                                    0x200000fe   Section        6  usart1deal.o(.data)
    .data                                    0x20000104   Section       20  stm32f10x_rcc.o(.data)
    APBAHBPrescTable                         0x20000104   Data          16  stm32f10x_rcc.o(.data)
    ADCPrescTable                            0x20000114   Data           4  stm32f10x_rcc.o(.data)
    .data                                    0x20000118   Section        4  mvars.o(.data)
    .data                                    0x2000011c   Section        4  mvars.o(.data)
    .bss                                     0x20000120   Section      204  main.o(.bss)
    .bss                                     0x200001ec   Section       20  stm32f10x_it.o(.bss)
    .bss                                     0x20000200   Section       34  systembody.o(.bss)
    .bss                                     0x20000222   Section      400  usart.o(.bss)
    .bss                                     0x200003b4   Section       40  sampling.o(.bss)
    .bss                                     0x200003dc   Section      111  messagesave.o(.bss)
    HEAP                                     0x20000450   Section      512  startup_stm32f10x_cl.o(HEAP)
    STACK                                    0x20000650   Section     1024  startup_stm32f10x_cl.o(STACK)

    Global Symbols

    Symbol Name                              Value     Ov Type        Size  Object(Section)

    BuildAttributes$$THM_ISAv4$P$D$K$B$S$PE$A:L22UL41UL21$X:L11$S22US41US21$IEEE1$IW$USESV6$~STKCKD$USESV7$~SHL$OTIME$ROPI$EBA8$MICROLIB$REQ8$PRES8$EABIv2 0x00000000   Number         0  anon$$obj.o ABSOLUTE
    __ARM_use_no_argv                        0x00000000   Number         0  main.o ABSOLUTE
    __decompress                              - Undefined Weak Reference
    __Vectors_Size                           0x00000150   Number         0  startup_stm32f10x_cl.o ABSOLUTE
    __Vectors                                0x08000000   Data           4  startup_stm32f10x_cl.o(RESET)
    __Vectors_End                            0x08000150   Data           0  startup_stm32f10x_cl.o(RESET)
    __main                                   0x08000151   Thumb Code     0  entry.o(.ARM.Collect$$$$00000000)
    _main_stk                                0x08000151   Thumb Code     0  entry2.o(.ARM.Collect$$$$00000001)
    _main_scatterload                        0x08000155   Thumb Code     0  entry5.o(.ARM.Collect$$$$00000004)
    __main_after_scatterload                 0x08000159   Thumb Code     0  entry5.o(.ARM.Collect$$$$00000004)
    _main_init                               0x08000159   Thumb Code     0  entry7.o(.ARM.Collect$$$$00000007)
    Reset_Handler                            0x08000165   Thumb Code     8  startup_stm32f10x_cl.o(.text)
    ADC1_2_IRQHandler                        0x0800017f   Thumb Code     0  startup_stm32f10x_cl.o(.text)
    CAN1_RX1_IRQHandler                      0x0800017f   Thumb Code     0  startup_stm32f10x_cl.o(.text)
    CAN1_SCE_IRQHandler                      0x0800017f   Thumb Code     0  startup_stm32f10x_cl.o(.text)
    CAN1_TX_IRQHandler                       0x0800017f   Thumb Code     0  startup_stm32f10x_cl.o(.text)
    CAN2_RX1_IRQHandler                      0x0800017f   Thumb Code     0  startup_stm32f10x_cl.o(.text)
    CAN2_SCE_IRQHandler                      0x0800017f   Thumb Code     0  startup_stm32f10x_cl.o(.text)
    CAN2_TX_IRQHandler                       0x0800017f   Thumb Code     0  startup_stm32f10x_cl.o(.text)
    DMA1_Channel2_IRQHandler                 0x0800017f   Thumb Code     0  startup_stm32f10x_cl.o(.text)
    DMA1_Channel3_IRQHandler                 0x0800017f   Thumb Code     0  startup_stm32f10x_cl.o(.text)
    DMA1_Channel4_IRQHandler                 0x0800017f   Thumb Code     0  startup_stm32f10x_cl.o(.text)
    DMA1_Channel5_IRQHandler                 0x0800017f   Thumb Code     0  startup_stm32f10x_cl.o(.text)
    DMA1_Channel6_IRQHandler                 0x0800017f   Thumb Code     0  startup_stm32f10x_cl.o(.text)
    DMA1_Channel7_IRQHandler                 0x0800017f   Thumb Code     0  startup_stm32f10x_cl.o(.text)
    DMA2_Channel1_IRQHandler                 0x0800017f   Thumb Code     0  startup_stm32f10x_cl.o(.text)
    DMA2_Channel2_IRQHandler                 0x0800017f   Thumb Code     0  startup_stm32f10x_cl.o(.text)
    DMA2_Channel3_IRQHandler                 0x0800017f   Thumb Code     0  startup_stm32f10x_cl.o(.text)
    DMA2_Channel4_IRQHandler                 0x0800017f   Thumb Code     0  startup_stm32f10x_cl.o(.text)
    DMA2_Channel5_IRQHandler                 0x0800017f   Thumb Code     0  startup_stm32f10x_cl.o(.text)
    ETH_IRQHandler                           0x0800017f   Thumb Code     0  startup_stm32f10x_cl.o(.text)
    ETH_WKUP_IRQHandler                      0x0800017f   Thumb Code     0  startup_stm32f10x_cl.o(.text)
    EXTI0_IRQHandler                         0x0800017f   Thumb Code     0  startup_stm32f10x_cl.o(.text)
    EXTI15_10_IRQHandler                     0x0800017f   Thumb Code     0  startup_stm32f10x_cl.o(.text)
    EXTI1_IRQHandler                         0x0800017f   Thumb Code     0  startup_stm32f10x_cl.o(.text)
    EXTI2_IRQHandler                         0x0800017f   Thumb Code     0  startup_stm32f10x_cl.o(.text)
    EXTI3_IRQHandler                         0x0800017f   Thumb Code     0  startup_stm32f10x_cl.o(.text)
    EXTI4_IRQHandler                         0x0800017f   Thumb Code     0  startup_stm32f10x_cl.o(.text)
    EXTI9_5_IRQHandler                       0x0800017f   Thumb Code     0  startup_stm32f10x_cl.o(.text)
    FLASH_IRQHandler                         0x0800017f   Thumb Code     0  startup_stm32f10x_cl.o(.text)
    I2C1_ER_IRQHandler                       0x0800017f   Thumb Code     0  startup_stm32f10x_cl.o(.text)
    I2C1_EV_IRQHandler                       0x0800017f   Thumb Code     0  startup_stm32f10x_cl.o(.text)
    I2C2_ER_IRQHandler                       0x0800017f   Thumb Code     0  startup_stm32f10x_cl.o(.text)
    I2C2_EV_IRQHandler                       0x0800017f   Thumb Code     0  startup_stm32f10x_cl.o(.text)
    OTG_FS_IRQHandler                        0x0800017f   Thumb Code     0  startup_stm32f10x_cl.o(.text)
    OTG_FS_WKUP_IRQHandler                   0x0800017f   Thumb Code     0  startup_stm32f10x_cl.o(.text)
    PVD_IRQHandler                           0x0800017f   Thumb Code     0  startup_stm32f10x_cl.o(.text)
    RCC_IRQHandler                           0x0800017f   Thumb Code     0  startup_stm32f10x_cl.o(.text)
    RTCAlarm_IRQHandler                      0x0800017f   Thumb Code     0  startup_stm32f10x_cl.o(.text)
    RTC_IRQHandler                           0x0800017f   Thumb Code     0  startup_stm32f10x_cl.o(.text)
    SPI1_IRQHandler                          0x0800017f   Thumb Code     0  startup_stm32f10x_cl.o(.text)
    SPI2_IRQHandler                          0x0800017f   Thumb Code     0  startup_stm32f10x_cl.o(.text)
    SPI3_IRQHandler                          0x0800017f   Thumb Code     0  startup_stm32f10x_cl.o(.text)
    TAMPER_IRQHandler                        0x0800017f   Thumb Code     0  startup_stm32f10x_cl.o(.text)
    TIM1_BRK_IRQHandler                      0x0800017f   Thumb Code     0  startup_stm32f10x_cl.o(.text)
    TIM1_CC_IRQHandler                       0x0800017f   Thumb Code     0  startup_stm32f10x_cl.o(.text)
    TIM1_TRG_COM_IRQHandler                  0x0800017f   Thumb Code     0  startup_stm32f10x_cl.o(.text)
    TIM1_UP_IRQHandler                       0x0800017f   Thumb Code     0  startup_stm32f10x_cl.o(.text)
    TIM2_IRQHandler                          0x0800017f   Thumb Code     0  startup_stm32f10x_cl.o(.text)
    TIM6_IRQHandler                          0x0800017f   Thumb Code     0  startup_stm32f10x_cl.o(.text)
    TIM7_IRQHandler                          0x0800017f   Thumb Code     0  startup_stm32f10x_cl.o(.text)
    UART5_IRQHandler                         0x0800017f   Thumb Code     0  startup_stm32f10x_cl.o(.text)
    WWDG_IRQHandler                          0x0800017f   Thumb Code     0  startup_stm32f10x_cl.o(.text)
    __aeabi_fadd                             0x08000189   Thumb Code   164  fadd.o(.text)
    __aeabi_fsub                             0x0800022d   Thumb Code     6  fadd.o(.text)
    __aeabi_frsub                            0x08000233   Thumb Code     6  fadd.o(.text)
    __aeabi_fmul                             0x08000239   Thumb Code   108  fmul.o(.text)
    __aeabi_fdiv                             0x080002a5   Thumb Code   128  fdiv.o(.text)
    __aeabi_i2f                              0x08000325   Thumb Code    18  fflti.o(.text)
    __aeabi_ui2f                             0x08000337   Thumb Code    10  ffltui.o(.text)
    __aeabi_f2uiz                            0x08000341   Thumb Code    40  ffixui.o(.text)
    __aeabi_cfcmpeq                          0x08000369   Thumb Code     0  cfcmple.o(.text)
    __aeabi_cfcmple                          0x08000369   Thumb Code    20  cfcmple.o(.text)
    __aeabi_cfrcmple                         0x0800037d   Thumb Code    20  cfrcmple.o(.text)
    __I$use$fp                               0x08000391   Thumb Code     0  iusefp.o(.text)
    _float_round                             0x08000391   Thumb Code    18  fepilogue.o(.text)
    _float_epilogue                          0x080003a3   Thumb Code    94  fepilogue.o(.text)
    __scatterload                            0x08000401   Thumb Code    28  init.o(.text)
    __scatterload_rt2                        0x08000401   Thumb Code     0  init.o(.text)
    ADC_Cmd                                  0x08000425   Thumb Code    22  stm32f10x_adc.o(i.ADC_Cmd)
    ADC_Config                               0x0800043d   Thumb Code   174  systembody.o(i.ADC_Config)
    ADC_DMACmd                               0x080004f5   Thumb Code    22  stm32f10x_adc.o(i.ADC_DMACmd)
    ADC_DeInit                               0x0800050d   Thumb Code    78  stm32f10x_adc.o(i.ADC_DeInit)
    ADC_GetCalibrationStatus                 0x08000569   Thumb Code    20  stm32f10x_adc.o(i.ADC_GetCalibrationStatus)
    ADC_GetResetCalibrationStatus            0x0800057d   Thumb Code    20  stm32f10x_adc.o(i.ADC_GetResetCalibrationStatus)
    ADC_Init                                 0x08000591   Thumb Code    70  stm32f10x_adc.o(i.ADC_Init)
    ADC_RegularChannelConfig                 0x080005e1   Thumb Code   184  stm32f10x_adc.o(i.ADC_RegularChannelConfig)
    ADC_ResetCalibration                     0x08000699   Thumb Code    10  stm32f10x_adc.o(i.ADC_ResetCalibration)
    ADC_SoftwareStartConvCmd                 0x080006a3   Thumb Code    22  stm32f10x_adc.o(i.ADC_SoftwareStartConvCmd)
    ADC_StartCalibration                     0x080006b9   Thumb Code    10  stm32f10x_adc.o(i.ADC_StartCalibration)
    AT24C02_Init                             0x080006c5   Thumb Code    72  win_24c02.o(i.AT24C02_Init)
    AT24C02_SDA_IO_SET                       0x08000711   Thumb Code    62  win_24c02.o(i.AT24C02_SDA_IO_SET)
    ActionNumberClear                        0x08000755   Thumb Code    22  sampling.o(i.ActionNumberClear)
    BusFault_Handler                         0x08000771   Thumb Code     4  stm32f10x_it.o(i.BusFault_Handler)
    CAN1_RX0_IRQHandler                      0x08000775   Thumb Code   158  stm32f10x_it.o(i.CAN1_RX0_IRQHandler)
    CAN2_RX0_IRQHandler                      0x08000835   Thumb Code   158  stm32f10x_it.o(i.CAN2_RX0_IRQHandler)
    CAN_Config                               0x080008f5   Thumb Code   292  systembody.o(i.CAN_Config)
    CAN_DeInit                               0x08000a2d   Thumb Code    50  stm32f10x_can.o(i.CAN_DeInit)
    CAN_FilterInit                           0x08000a65   Thumb Code   250  stm32f10x_can.o(i.CAN_FilterInit)
    CAN_ITConfig                             0x08000b7d   Thumb Code    18  stm32f10x_can.o(i.CAN_ITConfig)
    CAN_Init                                 0x08000b8f   Thumb Code   284  stm32f10x_can.o(i.CAN_Init)
    CAN_Receive                              0x08000cab   Thumb Code   240  stm32f10x_can.o(i.CAN_Receive)
    CalculateTemperature                     0x08000d9d   Thumb Code   202  sampling.o(i.CalculateTemperature)
    CompareDigData                           0x08000e71   Thumb Code   102  sampling.o(i.CompareDigData)
    ComunitationLinkTest                     0x08000ee9   Thumb Code   352  sampling.o(i.ComunitationLinkTest)
    DMA1_Channel1_IRQHandler                 0x08001071   Thumb Code    22  stm32f10x_it.o(i.DMA1_Channel1_IRQHandler)
    DMA_ClearITPendingBit                    0x08001089   Thumb Code    18  stm32f10x_dma.o(i.DMA_ClearITPendingBit)
    DMA_Cmd                                  0x080010a5   Thumb Code    24  stm32f10x_dma.o(i.DMA_Cmd)
    DMA_Config                               0x080010bd   Thumb Code    92  systembody.o(i.DMA_Config)
    DMA_DeInit                               0x08001125   Thumb Code   320  stm32f10x_dma.o(i.DMA_DeInit)
    DMA_GetITStatus                          0x08001275   Thumb Code    34  stm32f10x_dma.o(i.DMA_GetITStatus)
    DMA_ITConfig                             0x080012a1   Thumb Code    18  stm32f10x_dma.o(i.DMA_ITConfig)
    DMA_Init                                 0x080012b3   Thumb Code    60  stm32f10x_dma.o(i.DMA_Init)
    DS1302_IO_PORT_DDR_SET                   0x080012f1   Thumb Code    46  ds1302.o(i.DS1302_IO_PORT_DDR_SET)
    DS1302_Read                              0x08001325   Thumb Code    74  ds1302.o(i.DS1302_Read)
    DS1302_Read_Byte                         0x08001375   Thumb Code    70  ds1302.o(i.DS1302_Read_Byte)
    DS1302_Write                             0x080013c1   Thumb Code    70  ds1302.o(i.DS1302_Write)
    DS1302_Write_Byte                        0x0800140d   Thumb Code    74  ds1302.o(i.DS1302_Write_Byte)
    DebugMon_Handler                         0x0800145d   Thumb Code     2  stm32f10x_it.o(i.DebugMon_Handler)
    Delay                                    0x0800145f   Thumb Code    10  systembody.o(i.Delay)
    ErrorMessageContinueSend                 0x08001469   Thumb Code  1274  systembody.o(i.ErrorMessageContinueSend)
    ErrorRealtimeTest                        0x08001981   Thumb Code  3412  systembody.o(i.ErrorRealtimeTest)
    ErrorTest                                0x080026f5   Thumb Code    12  systembody.o(i.ErrorTest)
    FirstSaveSystemInfo                      0x08002701   Thumb Code   380  systembody.o(i.FirstSaveSystemInfo)
    GPIO_Config                              0x08002895   Thumb Code   318  systembody.o(i.GPIO_Config)
    GPIO_Init                                0x080029e5   Thumb Code   274  stm32f10x_gpio.o(i.GPIO_Init)
    GPIO_PinRemapConfig                      0x08002af9   Thumb Code   138  stm32f10x_gpio.o(i.GPIO_PinRemapConfig)
    GPIO_ReadInputData                       0x08002b89   Thumb Code     8  stm32f10x_gpio.o(i.GPIO_ReadInputData)
    GPIO_ReadInputDataBit                    0x08002b91   Thumb Code    18  stm32f10x_gpio.o(i.GPIO_ReadInputDataBit)
    GPIO_ResetBits                           0x08002ba3   Thumb Code     4  stm32f10x_gpio.o(i.GPIO_ResetBits)
    GPIO_SetBits                             0x08002ba7   Thumb Code     4  stm32f10x_gpio.o(i.GPIO_SetBits)
    GetDigDataBuffer                         0x08002bad   Thumb Code    42  sampling.o(i.GetDigDataBuffer)
    GetDigDataCurrent                        0x08002be1   Thumb Code    42  sampling.o(i.GetDigDataCurrent)
    Get_DS1302                               0x08002c15   Thumb Code    76  ds1302.o(i.Get_DS1302)
    HardFault_Handler                        0x08002c61   Thumb Code     4  stm32f10x_it.o(i.HardFault_Handler)
    LED_Init                                 0x08002c65   Thumb Code    68  systembody.o(i.LED_Init)
    MemManage_Handler                        0x08002cb1   Thumb Code     4  stm32f10x_it.o(i.MemManage_Handler)
    NMI_Handler                              0x08002cb5   Thumb Code     2  stm32f10x_it.o(i.NMI_Handler)
    NVIC_Configuration                       0x08002cb7   Thumb Code   250  systembody.o(i.NVIC_Configuration)
    NVIC_Init                                0x08002db1   Thumb Code   118  misc.o(i.NVIC_Init)
    NVIC_PriorityGroupConfig                 0x08002e35   Thumb Code    10  misc.o(i.NVIC_PriorityGroupConfig)
    PendSV_Handler                           0x08002e49   Thumb Code     2  stm32f10x_it.o(i.PendSV_Handler)
    ProtocolReply                            0x08002e4d   Thumb Code   192  protocal.o(i.ProtocolReply)
    RCC_ADCCLKConfig                         0x08002f19   Thumb Code    18  stm32f10x_rcc.o(i.RCC_ADCCLKConfig)
    RCC_AHBPeriphClockCmd                    0x08002f31   Thumb Code    26  stm32f10x_rcc.o(i.RCC_AHBPeriphClockCmd)
    RCC_APB1PeriphClockCmd                   0x08002f51   Thumb Code    26  stm32f10x_rcc.o(i.RCC_APB1PeriphClockCmd)
    RCC_APB1PeriphResetCmd                   0x08002f71   Thumb Code    26  stm32f10x_rcc.o(i.RCC_APB1PeriphResetCmd)
    RCC_APB2PeriphClockCmd                   0x08002f91   Thumb Code    26  stm32f10x_rcc.o(i.RCC_APB2PeriphClockCmd)
    RCC_APB2PeriphResetCmd                   0x08002fb1   Thumb Code    26  stm32f10x_rcc.o(i.RCC_APB2PeriphResetCmd)
    RCC_GetClocksFreq                        0x08002fd1   Thumb Code   374  stm32f10x_rcc.o(i.RCC_GetClocksFreq)
    ReadFlashpara                            0x08003161   Thumb Code   134  messagesave.o(i.ReadFlashpara)
    ReadHC165Data                            0x080031f5   Thumb Code    70  systembody.o(i.ReadHC165Data)
    ReadMessageCacheCnt                      0x08003249   Thumb Code    38  sampling.o(i.ReadMessageCacheCnt)
    ReadResistorCoefficientPara              0x08003275   Thumb Code    38  sampling.o(i.ReadResistorCoefficientPara)
    ReadSwitch                               0x080032a1   Thumb Code    40  sampling.o(i.ReadSwitch)
    RecordActionNumber                       0x080032d1   Thumb Code    34  sampling.o(i.RecordActionNumber)
    SPI_Cmd                                  0x080032f9   Thumb Code    24  stm32f10x_spi.o(i.SPI_Cmd)
    SPI_FLASH_BufferRead                     0x08003311   Thumb Code    80  sz_spi_flash.o(i.SPI_FLASH_BufferRead)
    SPI_FLASH_BufferWrite                    0x08003365   Thumb Code   290  sz_spi_flash.o(i.SPI_FLASH_BufferWrite)
    SPI_FLASH_Init                           0x08003489   Thumb Code   200  sz_spi_flash.o(i.SPI_FLASH_Init)
    SPI_FLASH_PageWrite                      0x0800355d   Thumb Code    96  sz_spi_flash.o(i.SPI_FLASH_PageWrite)
    SPI_FLASH_SectorErase                    0x080035c1   Thumb Code    62  sz_spi_flash.o(i.SPI_FLASH_SectorErase)
    SPI_FLASH_SendByte                       0x08003605   Thumb Code    50  sz_spi_flash.o(i.SPI_FLASH_SendByte)
    SPI_FLASH_WaitForWriteEnd                0x0800363d   Thumb Code    50  sz_spi_flash.o(i.SPI_FLASH_WaitForWriteEnd)
    SPI_FLASH_WriteEnable                    0x08003675   Thumb Code    30  sz_spi_flash.o(i.SPI_FLASH_WriteEnable)
    SPI_Flash_WAKEUP                         0x08003699   Thumb Code    30  sz_spi_flash.o(i.SPI_Flash_WAKEUP)
    SPI_I2S_GetFlagStatus                    0x080036bd   Thumb Code    18  stm32f10x_spi.o(i.SPI_I2S_GetFlagStatus)
    SPI_I2S_ReceiveData                      0x080036cf   Thumb Code     6  stm32f10x_spi.o(i.SPI_I2S_ReceiveData)
    SPI_I2S_SendData                         0x080036d5   Thumb Code     4  stm32f10x_spi.o(i.SPI_I2S_SendData)
    SPI_Init                                 0x080036d9   Thumb Code    60  stm32f10x_spi.o(i.SPI_Init)
    SVC_Handler                              0x08003715   Thumb Code     2  stm32f10x_it.o(i.SVC_Handler)
    SaveFlashpara                            0x08003719   Thumb Code    96  messagesave.o(i.SaveFlashpara)
    SaveResistorCoefficientPara              0x08003785   Thumb Code    38  sampling.o(i.SaveResistorCoefficientPara)
    Scan_Current_Info                        0x080037b1   Thumb Code   182  systembody.o(i.Scan_Current_Info)
    SendOnceMessage                          0x080038a9   Thumb Code   160  systembody.o(i.SendOnceMessage)
    Send_Instruction                         0x08003979   Thumb Code   154  usart.o(i.Send_Instruction)
    Set_DS1302                               0x08003b29   Thumb Code   116  ds1302.o(i.Set_DS1302)
    StatusMessageReadFromFlash               0x08003b9d   Thumb Code   238  messagesave.o(i.StatusMessageReadFromFlash)
    StatusMessageReadInit                    0x08003ca9   Thumb Code   580  messagesave.o(i.StatusMessageReadInit)
    StatusMessageSaveToFlash                 0x08003f0d   Thumb Code   162  messagesave.o(i.StatusMessageSaveToFlash)
    SysTickConfig                            0x08003fbd   Thumb Code    70  usart.o(i.SysTickConfig)
    SysTick_Handler                          0x08004011   Thumb Code    88  stm32f10x_it.o(i.SysTick_Handler)
    SystemInit                               0x08004075   Thumb Code    92  system_stm32f10x.o(i.SystemInit)
    TIM3_IRQHandler                          0x080040e1   Thumb Code   314  stm32f10x_it.o(i.TIM3_IRQHandler)
    TIM3_Int_Init                            0x08004261   Thumb Code    60  systembody.o(i.TIM3_Int_Init)
    TIM4_IRQHandler                          0x080042a1   Thumb Code    22  stm32f10x_it.o(i.TIM4_IRQHandler)
    TIM4_Init                                0x080042bd   Thumb Code    68  systembody.o(i.TIM4_Init)
    TIM5_IRQHandler                          0x08004305   Thumb Code   166  stm32f10x_it.o(i.TIM5_IRQHandler)
    TIM5_Init                                0x080043d5   Thumb Code    72  systembody.o(i.TIM5_Init)
    TIM_ClearITPendingBit                    0x08004421   Thumb Code     6  stm32f10x_tim.o(i.TIM_ClearITPendingBit)
    TIM_Cmd                                  0x08004427   Thumb Code    24  stm32f10x_tim.o(i.TIM_Cmd)
    TIM_GetITStatus                          0x0800443f   Thumb Code    34  stm32f10x_tim.o(i.TIM_GetITStatus)
    TIM_ITConfig                             0x08004461   Thumb Code    24  stm32f10x_tim.o(i.TIM_ITConfig)
    TIM_TimeBaseInit                         0x08004479   Thumb Code   122  stm32f10x_tim.o(i.TIM_TimeBaseInit)
    TemperatureMeasureCalibration            0x0800451d   Thumb Code   166  sampling.o(i.TemperatureMeasureCalibration)
    UART4_IRQHandler                         0x080045e1   Thumb Code    90  stm32f10x_it.o(i.UART4_IRQHandler)
    UART4_SendData                           0x08004655   Thumb Code    28  usart.o(i.UART4_SendData)
    UART4_SendMData                          0x08004675   Thumb Code    28  usart.o(i.UART4_SendMData)
    USART1_IRQHandler                        0x08004691   Thumb Code    90  stm32f10x_it.o(i.USART1_IRQHandler)
    USART1_SendData                          0x08004705   Thumb Code    28  usart.o(i.USART1_SendData)
    USART1_SendMData                         0x08004725   Thumb Code    28  usart.o(i.USART1_SendMData)
    USART2_IRQHandler                        0x08004741   Thumb Code    90  stm32f10x_it.o(i.USART2_IRQHandler)
    USART3_IRQHandler                        0x080047b5   Thumb Code    90  stm32f10x_it.o(i.USART3_IRQHandler)
    USART3_SendData                          0x08004829   Thumb Code    28  usart.o(i.USART3_SendData)
    USART3_SendMData                         0x08004849   Thumb Code    28  usart.o(i.USART3_SendMData)
    USART_ClearITPendingBit                  0x08004865   Thumb Code    30  stm32f10x_usart.o(i.USART_ClearITPendingBit)
    USART_Cmd                                0x08004883   Thumb Code    24  stm32f10x_usart.o(i.USART_Cmd)
    USART_Config                             0x0800489d   Thumb Code   438  usart.o(i.USART_Config)
    USART_GetFlagStatus                      0x08004a75   Thumb Code    26  stm32f10x_usart.o(i.USART_GetFlagStatus)
    USART_GetITStatus                        0x08004a8f   Thumb Code    84  stm32f10x_usart.o(i.USART_GetITStatus)
    USART_ITConfig                           0x08004ae3   Thumb Code    74  stm32f10x_usart.o(i.USART_ITConfig)
    USART_Init                               0x08004b2d   Thumb Code   210  stm32f10x_usart.o(i.USART_Init)
    USART_ReceiveData                        0x08004c05   Thumb Code    10  stm32f10x_usart.o(i.USART_ReceiveData)
    USART_SendData                           0x08004c0f   Thumb Code     8  stm32f10x_usart.o(i.USART_SendData)
    UsageFault_Handler                       0x08004c17   Thumb Code     4  stm32f10x_it.o(i.UsageFault_Handler)
    Usart1RxPackgeDeal                       0x08004c1d   Thumb Code  1798  usart1deal.o(i.Usart1RxPackgeDeal)
    WIN24C02_BufferRead                      0x08005375   Thumb Code    42  win_24c02.o(i.WIN24C02_BufferRead)
    WIN24C02_BufferWrite                     0x0800539f   Thumb Code    48  win_24c02.o(i.WIN24C02_BufferWrite)
    WIN24C02_init                            0x080053d1   Thumb Code    32  win_24c02.o(i.WIN24C02_init)
    WIN24C02_read                            0x080053f5   Thumb Code    62  win_24c02.o(i.WIN24C02_read)
    WIN24C02_write                           0x08005433   Thumb Code    52  win_24c02.o(i.WIN24C02_write)
    __scatterload_copy                       0x08005467   Thumb Code    14  handlers.o(i.__scatterload_copy)
    __scatterload_null                       0x08005475   Thumb Code     2  handlers.o(i.__scatterload_null)
    __scatterload_zeroinit                   0x08005477   Thumb Code    14  handlers.o(i.__scatterload_zeroinit)
    allinfoTochar                            0x08005485   Thumb Code   260  protocal.o(i.allinfoTochar)
    changeMessageCacheCnt                    0x08005591   Thumb Code    70  sampling.o(i.changeMessageCacheCnt)
    charToint8                               0x080055dd   Thumb Code    44  protocal.o(i.charToint8)
    charTouintx                              0x08005609   Thumb Code    48  protocal.o(i.charTouintx)
    clock                                    0x0800563d   Thumb Code    72  win_24c02.o(i.clock)
    creatPtrTotrans                          0x08005689   Thumb Code   482  protocal.o(i.creatPtrTotrans)
    delay2                                   0x08005875   Thumb Code    12  win_24c02.o(i.delay2)
    delay_ms                                 0x08005881   Thumb Code    32  systembody.o(i.delay_ms)
    delay_nop                                0x080058a1   Thumb Code    16  win_24c02.o(i.delay_nop)
    extractFCandAdrandId                     0x080058b1   Thumb Code    64  protocal.o(i.extractFCandAdrandId)
    extractHEADandTAIL                       0x080058f1   Thumb Code    66  protocal.o(i.extractHEADandTAIL)
    filter                                   0x08005935   Thumb Code    56  stm32f10x_it.o(i.filter)
    free                                     0x08005975   Thumb Code    76  malloc.o(i.free)
    getTimeandDeviceInfo                     0x080059c5   Thumb Code   264  systembody.o(i.getTimeandDeviceInfo)
    isdevinforight                           0x08005ae5   Thumb Code    36  protocal.o(i.isdevinforight)
    main                                     0x08005b09   Thumb Code   630  main.o(i.main)
    malloc                                   0x08005e05   Thumb Code    92  malloc.o(i.malloc)
    parseChar_ptr                            0x08005e71   Thumb Code   106  protocal.o(i.parseChar_ptr)
    readx                                    0x08005ee5   Thumb Code   114  win_24c02.o(i.readx)
    recordTime                               0x08005f5d   Thumb Code   232  systembody.o(i.recordTime)
    releaseChar_ptr                          0x08006049   Thumb Code    16  protocal.o(i.releaseChar_ptr)
    save                                     0x08006059   Thumb Code     2  systembody.o(i.save)
    start                                    0x0800605d   Thumb Code    60  win_24c02.o(i.start)
    stop                                     0x0800609d   Thumb Code    46  win_24c02.o(i.stop)
    timeinfoTochar                           0x080060d1   Thumb Code    68  protocal.o(i.timeinfoTochar)
    uint8Tochar                              0x08006115   Thumb Code    20  protocal.o(i.uint8Tochar)
    uintxTochar                              0x08006129   Thumb Code    42  protocal.o(i.uintxTochar)
    writex                                   0x08006155   Thumb Code   116  win_24c02.o(i.writex)
    RTD_TAB_PT100                            0x080061e0   Data         844  sampling.o(.constdata)
    Region$$Table$$Base                      0x0800652c   Number         0  anon$$obj.o(Region$$Table)
    Region$$Table$$Limit                     0x0800654c   Number         0  anon$$obj.o(Region$$Table)
    canupdateflag1                           0x20000000   Data           1  main.o(.data)
    canupdateflag2                           0x20000001   Data           1  main.o(.data)
    flag_Running_time                        0x20000002   Data           1  main.o(.data)
    anaMsg                                   0x20000004   Data           4  main.o(.data)
    flag_Fault                               0x20000008   Data           1  main.o(.data)
    flag_TIMER_RX                            0x20000009   Data           1  main.o(.data)
    fromWifi                                 0x2000000a   Data           1  main.o(.data)
    beginRecv                                0x2000000b   Data           1  main.o(.data)
    flag_Sendontime                          0x2000000c   Data           1  main.o(.data)
    DESTNATION                               0x20000010   Data           4  main.o(.data)
    DEVICEADD                                0x20000014   Data           4  main.o(.data)
    canMsg1                                  0x20000018   Data           8  main.o(.data)
    canMsg2                                  0x20000020   Data           8  main.o(.data)
    timeCounter                              0x20000028   Data           1  main.o(.data)
    warnCounter                              0x20000029   Data           1  main.o(.data)
    warnResetCounter                         0x2000002a   Data           1  main.o(.data)
    LED_flag                                 0x2000002b   Data           1  main.o(.data)
    RT                                       0x2000002c   Data           4  main.o(.data)
    Temper                                   0x20000030   Data           4  main.o(.data)
    RelayFlag                                0x20000034   Data           1  main.o(.data)
    running_time                             0x20000035   Data           5  main.o(.data)
    LED_Cnt                                  0x2000003c   Data           1  stm32f10x_it.o(.data)
    CanComOvertimeCnt                        0x20000048   Data           2  systembody.o(.data)
    CanErrorFlag                             0x2000004a   Data           1  systembody.o(.data)
    WarnTimeCon                              0x2000004c   Data           2  systembody.o(.data)
    CurrentErrorCnt                          0x2000004e   Data           2  systembody.o(.data)
    CurrentHistoryValue                      0x20000050   Data           2  systembody.o(.data)
    CurrentErrorFlag                         0x20000052   Data           1  systembody.o(.data)
    TemperErrorFlag                          0x20000053   Data           1  systembody.o(.data)
    ArresterErrorFlag                        0x20000054   Data           1  systembody.o(.data)
    SendTimeCnt                              0x20000056   Data           2  systembody.o(.data)
    RunTimeCnt                               0x20000058   Data           2  systembody.o(.data)
    TemperErrorValue                         0x2000005a   Data           2  systembody.o(.data)
    LiftErrorCnt                             0x2000005c   Data           1  systembody.o(.data)
    CurrentTestCnt                           0x2000005d   Data           1  systembody.o(.data)
    TemperTestCnt                            0x2000005e   Data           1  systembody.o(.data)
    BeefTestCnt                              0x2000005f   Data           1  systembody.o(.data)
    ErroeTestCntlimit                        0x20000060   Data           1  systembody.o(.data)
    CurrentBoundaryValue                     0x20000061   Data           1  systembody.o(.data)
    TemperBoundaryValue                      0x20000062   Data           1  systembody.o(.data)
    ErroeTestCnt                             0x20000063   Data           8  systembody.o(.data)
    Alldevinfo                               0x2000006b   Data          10  protocal.o(.data)
    timesynflag                              0x20000075   Data           1  protocal.o(.data)
    timefromflag                             0x20000076   Data           1  protocal.o(.data)
    Usart1Rxcount                            0x20000077   Data           1  usart.o(.data)
    Usart1RxOkFlag                           0x20000078   Data           1  usart.o(.data)
    Usart1OverTimeFlagCount                  0x20000079   Data           1  usart.o(.data)
    Usart1OverTimeFlag                       0x2000007a   Data           1  usart.o(.data)
    Usart2Rxcount                            0x2000007b   Data           1  usart.o(.data)
    Usart2RxOkFlag                           0x2000007c   Data           1  usart.o(.data)
    Usart2OverTimeFlagCount                  0x2000007d   Data           1  usart.o(.data)
    Usart2OverTimeFlag                       0x2000007e   Data           1  usart.o(.data)
    Usart3Rxcount                            0x2000007f   Data           1  usart.o(.data)
    Usart3RxOkFlag                           0x20000080   Data           1  usart.o(.data)
    Usart3OverTimeFlagCount                  0x20000081   Data           1  usart.o(.data)
    Usart3OverTimeFlag                       0x20000082   Data           1  usart.o(.data)
    Uart4Rxcount                             0x20000083   Data           1  usart.o(.data)
    Uart4RxOkFlag                            0x20000084   Data           1  usart.o(.data)
    Uart4OverTimeFlagCount                   0x20000085   Data           1  usart.o(.data)
    Uart4OverTimeFlag                        0x20000086   Data           1  usart.o(.data)
    IO_OUT                                   0x20000088   Data           1  sampling.o(.data)
    LinkStatuOnlineFlag                      0x20000089   Data           1  sampling.o(.data)
    MessageCacheCnt                          0x2000008c   Data           4  sampling.o(.data)
    LinkTimeCnt                              0x20000090   Data           4  sampling.o(.data)
    LinkTimeCntLimit                         0x20000094   Data           4  sampling.o(.data)
    RecordFlag                               0x20000098   Data           1  sampling.o(.data)
    ResistorCoefficient                      0x2000009c   Data           4  sampling.o(.data)
    ResistorTarget                           0x200000a0   Data           4  sampling.o(.data)
    CalibrationFlag                          0x200000a4   Data           1  sampling.o(.data)
    CalibrationCnt                           0x200000a5   Data           1  sampling.o(.data)
    linkstatu                                0x200000a6   Data           3  sampling.o(.data)
    Switch                                   0x200000a9   Data           4  sampling.o(.data)
    DigDataBuffer                            0x200000ad   Data           6  sampling.o(.data)
    DigDataCurrent                           0x200000b3   Data           6  sampling.o(.data)
    ActionCnt                                0x200000b9   Data           6  sampling.o(.data)
    ActionStatus                             0x200000bf   Data           6  sampling.o(.data)
    StatusMessageStartAddr                   0x200000c8   Data           4  messagesave.o(.data)
    StatusMessageEndAddr                     0x200000cc   Data           4  messagesave.o(.data)
    StatusMessageNumber                      0x200000d0   Data           4  messagesave.o(.data)
    StatusReadStartAddr                      0x200000d4   Data           4  messagesave.o(.data)
    StatusReadEndAddr                        0x200000d8   Data           4  messagesave.o(.data)
    StatusReadNumber                         0x200000dc   Data           4  messagesave.o(.data)
    StatusReadEnFlag                         0x200000e0   Data           1  messagesave.o(.data)
    MessageReadStatus                        0x200000e1   Data           1  messagesave.o(.data)
    MessageReadFlag                          0x200000e2   Data           2  messagesave.o(.data)
    MessageReadNumberBuf                     0x200000e4   Data           8  messagesave.o(.data)
    realtime                                 0x200000ec   Data           6  ds1302.o(.data)
    settime                                  0x200000f2   Data           6  ds1302.o(.data)
    amendtime                                0x200000f8   Data           6  ds1302.o(.data)
    DebugModFlag                             0x200000fe   Data           1  usart1deal.o(.data)
    WIFISendFlag                             0x200000ff   Data           1  usart1deal.o(.data)
    GPRSSendFlag                             0x20000100   Data           1  usart1deal.o(.data)
    DebugSendFlag                            0x20000101   Data           1  usart1deal.o(.data)
    ComModeSelect                            0x20000102   Data           1  usart1deal.o(.data)
    ArresterControlEn                        0x20000103   Data           1  usart1deal.o(.data)
    __microlib_freelist                      0x20000118   Data           4  mvars.o(.data)
    __microlib_freelist_initialised          0x2000011c   Data           4  mvars.o(.data)
    AD_Value                                 0x20000120   Data         120  main.o(.bss)
    ScanData                                 0x20000198   Data          52  main.o(.bss)
    deviceinfo                               0x200001cc   Data          10  main.o(.bss)
    TxMessage                                0x200001d8   Data          20  main.o(.bss)
    RxMessage                                0x200001ec   Data          20  stm32f10x_it.o(.bss)
    ErrorFlag                                0x20000200   Data          20  systembody.o(.bss)
    CanErrorPast                             0x20000214   Data          14  systembody.o(.bss)
    Usart1RxBuffer                           0x20000222   Data         100  usart.o(.bss)
    Usart2RxBuffer                           0x20000286   Data         100  usart.o(.bss)
    Usart3RxBuffer                           0x200002ea   Data         100  usart.o(.bss)
    Uart4RxBuffer                            0x2000034e   Data         100  usart.o(.bss)
    ResistorTemp                             0x200003b4   Data          40  sampling.o(.bss)
    StatusReadBuff                           0x200003dc   Data         111  messagesave.o(.bss)
    __heap_base                              0x20000450   Data           0  startup_stm32f10x_cl.o(HEAP)
    __heap_limit                             0x20000650   Data           0  startup_stm32f10x_cl.o(HEAP)
    __initial_sp                             0x20000a50   Data           0  startup_stm32f10x_cl.o(STACK)



==============================================================================

Memory Map of the image

  Image Entry point : 0x08000151

  Load Region LR_IROM1 (Base: 0x08000000, Size: 0x0000666c, Max: 0x00040000, ABSOLUTE)

    Execution Region ER_IROM1 (Base: 0x08000000, Size: 0x0000654c, Max: 0x00040000, ABSOLUTE)

    Base Addr    Size         Type   Attr      Idx    E Section Name        Object

    0x08000000   0x00000150   Data   RO         4331    RESET               startup_stm32f10x_cl.o
    0x08000150   0x00000000   Code   RO         4336  * .ARM.Collect$$$$00000000  mc_w.l(entry.o)(mc_w.l)
    0x08000150   0x00000004   Code   RO         4383    .ARM.Collect$$$$00000001  mc_w.l(entry2.o)(mc_w.l)
    0x08000154   0x00000004   Code   RO         4386    .ARM.Collect$$$$00000004  mc_w.l(entry5.o)(mc_w.l)
    0x08000158   0x00000008   Code   RO         4387    .ARM.Collect$$$$00000007  mc_w.l(entry7.o)(mc_w.l)
    0x08000160   0x00000004   Code   RO         4384    .ARM.Collect$$$$00002712  mc_w.l(entry2.o)(mc_w.l)
    0x08000164   0x00000024   Code   RO         4332    .text               startup_stm32f10x_cl.o
    0x08000188   0x000000b0   Code   RO         4367    .text               mf_w.l(fadd.o)(mf_w.l)
    0x08000238   0x0000006c   Code   RO         4369    .text               mf_w.l(fmul.o)(mf_w.l)
    0x080002a4   0x00000080   Code   RO         4371    .text               mf_w.l(fdiv.o)(mf_w.l)
    0x08000324   0x00000012   Code   RO         4373    .text               mf_w.l(fflti.o)(mf_w.l)
    0x08000336   0x0000000a   Code   RO         4375    .text               mf_w.l(ffltui.o)(mf_w.l)
    0x08000340   0x00000028   Code   RO         4377    .text               mf_w.l(ffixui.o)(mf_w.l)
    0x08000368   0x00000014   Code   RO         4379    .text               mf_w.l(cfcmple.o)(mf_w.l)
    0x0800037c   0x00000014   Code   RO         4381    .text               mf_w.l(cfrcmple.o)(mf_w.l)
    0x08000390   0x00000000   Code   RO         4394    .text               mc_w.l(iusefp.o)(mc_w.l)
    0x08000390   0x00000070   Code   RO         4395    .text               mf_w.l(fepilogue.o)(mf_w.l)
    0x08000400   0x00000024   Code   RO         4397    .text               mc_w.l(init.o)(mc_w.l)
    0x08000424   0x00000016   Code   RO         1266    i.ADC_Cmd           stm32f10x_adc.o
    0x0800043a   0x00000002   PAD
    0x0800043c   0x000000b8   Code   RO          318    i.ADC_Config        systembody.o
    0x080004f4   0x00000016   Code   RO         1267    i.ADC_DMACmd        stm32f10x_adc.o
    0x0800050a   0x00000002   PAD
    0x0800050c   0x0000005c   Code   RO         1268    i.ADC_DeInit        stm32f10x_adc.o
    0x08000568   0x00000014   Code   RO         1274    i.ADC_GetCalibrationStatus  stm32f10x_adc.o
    0x0800057c   0x00000014   Code   RO         1280    i.ADC_GetResetCalibrationStatus  stm32f10x_adc.o
    0x08000590   0x00000050   Code   RO         1284    i.ADC_Init          stm32f10x_adc.o
    0x080005e0   0x000000b8   Code   RO         1288    i.ADC_RegularChannelConfig  stm32f10x_adc.o
    0x08000698   0x0000000a   Code   RO         1289    i.ADC_ResetCalibration  stm32f10x_adc.o
    0x080006a2   0x00000016   Code   RO         1291    i.ADC_SoftwareStartConvCmd  stm32f10x_adc.o
    0x080006b8   0x0000000a   Code   RO         1293    i.ADC_StartCalibration  stm32f10x_adc.o
    0x080006c2   0x00000002   PAD
    0x080006c4   0x0000004c   Code   RO          800    i.AT24C02_Init      win_24c02.o
    0x08000710   0x00000044   Code   RO          801    i.AT24C02_SDA_IO_SET  win_24c02.o
    0x08000754   0x0000001c   Code   RO          999    i.ActionNumberClear  sampling.o
    0x08000770   0x00000004   Code   RO          106    i.BusFault_Handler  stm32f10x_it.o
    0x08000774   0x000000c0   Code   RO          107    i.CAN1_RX0_IRQHandler  stm32f10x_it.o
    0x08000834   0x000000c0   Code   RO          108    i.CAN2_RX0_IRQHandler  stm32f10x_it.o
    0x080008f4   0x00000138   Code   RO          319    i.CAN_Config        systembody.o
    0x08000a2c   0x00000038   Code   RO         1567    i.CAN_DeInit        stm32f10x_can.o
    0x08000a64   0x00000118   Code   RO         1569    i.CAN_FilterInit    stm32f10x_can.o
    0x08000b7c   0x00000012   Code   RO         1575    i.CAN_ITConfig      stm32f10x_can.o
    0x08000b8e   0x0000011c   Code   RO         1576    i.CAN_Init          stm32f10x_can.o
    0x08000caa   0x000000f0   Code   RO         1579    i.CAN_Receive       stm32f10x_can.o
    0x08000d9a   0x00000002   PAD
    0x08000d9c   0x000000d4   Code   RO         1000    i.CalculateTemperature  sampling.o
    0x08000e70   0x00000078   Code   RO         1001    i.CompareDigData    sampling.o
    0x08000ee8   0x00000188   Code   RO         1002    i.ComunitationLinkTest  sampling.o
    0x08001070   0x00000016   Code   RO          109    i.DMA1_Channel1_IRQHandler  stm32f10x_it.o
    0x08001086   0x00000002   PAD
    0x08001088   0x0000001c   Code   RO         1965    i.DMA_ClearITPendingBit  stm32f10x_dma.o
    0x080010a4   0x00000018   Code   RO         1966    i.DMA_Cmd           stm32f10x_dma.o
    0x080010bc   0x00000068   Code   RO          320    i.DMA_Config        systembody.o
    0x08001124   0x00000150   Code   RO         1967    i.DMA_DeInit        stm32f10x_dma.o
    0x08001274   0x0000002c   Code   RO         1970    i.DMA_GetITStatus   stm32f10x_dma.o
    0x080012a0   0x00000012   Code   RO         1971    i.DMA_ITConfig      stm32f10x_dma.o
    0x080012b2   0x0000003c   Code   RO         1972    i.DMA_Init          stm32f10x_dma.o
    0x080012ee   0x00000002   PAD
    0x080012f0   0x00000034   Code   RO         1136    i.DS1302_IO_PORT_DDR_SET  ds1302.o
    0x08001324   0x00000050   Code   RO         1137    i.DS1302_Read       ds1302.o
    0x08001374   0x0000004c   Code   RO         1138    i.DS1302_Read_Byte  ds1302.o
    0x080013c0   0x0000004c   Code   RO         1139    i.DS1302_Write      ds1302.o
    0x0800140c   0x00000050   Code   RO         1140    i.DS1302_Write_Byte  ds1302.o
    0x0800145c   0x00000002   Code   RO          110    i.DebugMon_Handler  stm32f10x_it.o
    0x0800145e   0x0000000a   Code   RO          321    i.Delay             systembody.o
    0x08001468   0x00000518   Code   RO          322    i.ErrorMessageContinueSend  systembody.o
    0x08001980   0x00000d74   Code   RO          323    i.ErrorRealtimeTest  systembody.o
    0x080026f4   0x0000000c   Code   RO          324    i.ErrorTest         systembody.o
    0x08002700   0x00000194   Code   RO          325    i.FirstSaveSystemInfo  systembody.o
    0x08002894   0x00000150   Code   RO          326    i.GPIO_Config       systembody.o
    0x080029e4   0x00000112   Code   RO         2399    i.GPIO_Init         stm32f10x_gpio.o
    0x08002af6   0x00000002   PAD
    0x08002af8   0x00000090   Code   RO         2401    i.GPIO_PinRemapConfig  stm32f10x_gpio.o
    0x08002b88   0x00000008   Code   RO         2402    i.GPIO_ReadInputData  stm32f10x_gpio.o
    0x08002b90   0x00000012   Code   RO         2403    i.GPIO_ReadInputDataBit  stm32f10x_gpio.o
    0x08002ba2   0x00000004   Code   RO         2406    i.GPIO_ResetBits    stm32f10x_gpio.o
    0x08002ba6   0x00000004   Code   RO         2407    i.GPIO_SetBits      stm32f10x_gpio.o
    0x08002baa   0x00000002   PAD
    0x08002bac   0x00000034   Code   RO         1003    i.GetDigDataBuffer  sampling.o
    0x08002be0   0x00000034   Code   RO         1004    i.GetDigDataCurrent  sampling.o
    0x08002c14   0x0000004c   Code   RO         1141    i.Get_DS1302        ds1302.o
    0x08002c60   0x00000004   Code   RO          111    i.HardFault_Handler  stm32f10x_it.o
    0x08002c64   0x0000004c   Code   RO          327    i.LED_Init          systembody.o
    0x08002cb0   0x00000004   Code   RO          112    i.MemManage_Handler  stm32f10x_it.o
    0x08002cb4   0x00000002   Code   RO          113    i.NMI_Handler       stm32f10x_it.o
    0x08002cb6   0x000000fa   Code   RO          328    i.NVIC_Configuration  systembody.o
    0x08002db0   0x00000084   Code   RO         1224    i.NVIC_Init         misc.o
    0x08002e34   0x00000014   Code   RO         1225    i.NVIC_PriorityGroupConfig  misc.o
    0x08002e48   0x00000002   Code   RO          114    i.PendSV_Handler    stm32f10x_it.o
    0x08002e4a   0x00000002   PAD
    0x08002e4c   0x000000cc   Code   RO          486    i.ProtocolReply     protocal.o
    0x08002f18   0x00000018   Code   RO         2819    i.RCC_ADCCLKConfig  stm32f10x_rcc.o
    0x08002f30   0x00000020   Code   RO         2820    i.RCC_AHBPeriphClockCmd  stm32f10x_rcc.o
    0x08002f50   0x00000020   Code   RO         2822    i.RCC_APB1PeriphClockCmd  stm32f10x_rcc.o
    0x08002f70   0x00000020   Code   RO         2823    i.RCC_APB1PeriphResetCmd  stm32f10x_rcc.o
    0x08002f90   0x00000020   Code   RO         2824    i.RCC_APB2PeriphClockCmd  stm32f10x_rcc.o
    0x08002fb0   0x00000020   Code   RO         2825    i.RCC_APB2PeriphResetCmd  stm32f10x_rcc.o
    0x08002fd0   0x00000190   Code   RO         2832    i.RCC_GetClocksFreq  stm32f10x_rcc.o
    0x08003160   0x00000094   Code   RO         1091    i.ReadFlashpara     messagesave.o
    0x080031f4   0x00000054   Code   RO          329    i.ReadHC165Data     systembody.o
    0x08003248   0x0000002c   Code   RO         1005    i.ReadMessageCacheCnt  sampling.o
    0x08003274   0x0000002c   Code   RO         1006    i.ReadResistorCoefficientPara  sampling.o
    0x080032a0   0x00000030   Code   RO         1007    i.ReadSwitch        sampling.o
    0x080032d0   0x00000028   Code   RO         1008    i.RecordActionNumber  sampling.o
    0x080032f8   0x00000018   Code   RO         3360    i.SPI_Cmd           stm32f10x_spi.o
    0x08003310   0x00000054   Code   RO          643    i.SPI_FLASH_BufferRead  sz_spi_flash.o
    0x08003364   0x00000122   Code   RO          644    i.SPI_FLASH_BufferWrite  sz_spi_flash.o
    0x08003486   0x00000002   PAD
    0x08003488   0x000000d4   Code   RO          646    i.SPI_FLASH_Init    sz_spi_flash.o
    0x0800355c   0x00000064   Code   RO          647    i.SPI_FLASH_PageWrite  sz_spi_flash.o
    0x080035c0   0x00000044   Code   RO          651    i.SPI_FLASH_SectorErase  sz_spi_flash.o
    0x08003604   0x00000038   Code   RO          652    i.SPI_FLASH_SendByte  sz_spi_flash.o
    0x0800363c   0x00000038   Code   RO          655    i.SPI_FLASH_WaitForWriteEnd  sz_spi_flash.o
    0x08003674   0x00000024   Code   RO          656    i.SPI_FLASH_WriteEnable  sz_spi_flash.o
    0x08003698   0x00000024   Code   RO          658    i.SPI_Flash_WAKEUP  sz_spi_flash.o
    0x080036bc   0x00000012   Code   RO         3368    i.SPI_I2S_GetFlagStatus  stm32f10x_spi.o
    0x080036ce   0x00000006   Code   RO         3371    i.SPI_I2S_ReceiveData  stm32f10x_spi.o
    0x080036d4   0x00000004   Code   RO         3372    i.SPI_I2S_SendData  stm32f10x_spi.o
    0x080036d8   0x0000003c   Code   RO         3373    i.SPI_Init          stm32f10x_spi.o
    0x08003714   0x00000002   Code   RO          115    i.SVC_Handler       stm32f10x_it.o
    0x08003716   0x00000002   PAD
    0x08003718   0x0000006c   Code   RO         1092    i.SaveFlashpara     messagesave.o
    0x08003784   0x0000002c   Code   RO         1009    i.SaveResistorCoefficientPara  sampling.o
    0x080037b0   0x000000f8   Code   RO          330    i.Scan_Current_Info  systembody.o
    0x080038a8   0x000000d0   Code   RO          331    i.SendOnceMessage   systembody.o
    0x08003978   0x000000a8   Code   RO          916    i.Send_Instruction  usart.o
    0x08003a20   0x00000008   Code   RO         4284    i.SetSysClock       system_stm32f10x.o
    0x08003a28   0x00000100   Code   RO         4285    i.SetSysClockTo72   system_stm32f10x.o
    0x08003b28   0x00000074   Code   RO         1142    i.Set_DS1302        ds1302.o
    0x08003b9c   0x0000010c   Code   RO         1093    i.StatusMessageReadFromFlash  messagesave.o
    0x08003ca8   0x00000264   Code   RO         1094    i.StatusMessageReadInit  messagesave.o
    0x08003f0c   0x000000b0   Code   RO         1095    i.StatusMessageSaveToFlash  messagesave.o
    0x08003fbc   0x00000054   Code   RO          917    i.SysTickConfig     usart.o
    0x08004010   0x00000064   Code   RO          116    i.SysTick_Handler   stm32f10x_it.o
    0x08004074   0x0000006c   Code   RO         4287    i.SystemInit        system_stm32f10x.o
    0x080040e0   0x00000180   Code   RO          117    i.TIM3_IRQHandler   stm32f10x_it.o
    0x08004260   0x00000040   Code   RO          332    i.TIM3_Int_Init     systembody.o
    0x080042a0   0x0000001c   Code   RO          118    i.TIM4_IRQHandler   stm32f10x_it.o
    0x080042bc   0x00000048   Code   RO          333    i.TIM4_Init         systembody.o
    0x08004304   0x000000d0   Code   RO          119    i.TIM5_IRQHandler   stm32f10x_it.o
    0x080043d4   0x0000004c   Code   RO          334    i.TIM5_Init         systembody.o
    0x08004420   0x00000006   Code   RO         3510    i.TIM_ClearITPendingBit  stm32f10x_tim.o
    0x08004426   0x00000018   Code   RO         3515    i.TIM_Cmd           stm32f10x_tim.o
    0x0800443e   0x00000022   Code   RO         3536    i.TIM_GetITStatus   stm32f10x_tim.o
    0x08004460   0x00000018   Code   RO         3540    i.TIM_ITConfig      stm32f10x_tim.o
    0x08004478   0x000000a4   Code   RO         3586    i.TIM_TimeBaseInit  stm32f10x_tim.o
    0x0800451c   0x000000c4   Code   RO         1010    i.TemperatureMeasureCalibration  sampling.o
    0x080045e0   0x00000074   Code   RO          120    i.UART4_IRQHandler  stm32f10x_it.o
    0x08004654   0x00000020   Code   RO          918    i.UART4_SendData    usart.o
    0x08004674   0x0000001c   Code   RO          919    i.UART4_SendMData   usart.o
    0x08004690   0x00000074   Code   RO          121    i.USART1_IRQHandler  stm32f10x_it.o
    0x08004704   0x00000020   Code   RO          920    i.USART1_SendData   usart.o
    0x08004724   0x0000001c   Code   RO          921    i.USART1_SendMData  usart.o
    0x08004740   0x00000074   Code   RO          122    i.USART2_IRQHandler  stm32f10x_it.o
    0x080047b4   0x00000074   Code   RO          123    i.USART3_IRQHandler  stm32f10x_it.o
    0x08004828   0x00000020   Code   RO          924    i.USART3_SendData   usart.o
    0x08004848   0x0000001c   Code   RO          925    i.USART3_SendMData  usart.o
    0x08004864   0x0000001e   Code   RO         4048    i.USART_ClearITPendingBit  stm32f10x_usart.o
    0x08004882   0x00000018   Code   RO         4051    i.USART_Cmd         stm32f10x_usart.o
    0x0800489a   0x00000002   PAD
    0x0800489c   0x000001d8   Code   RO          926    i.USART_Config      usart.o
    0x08004a74   0x0000001a   Code   RO         4054    i.USART_GetFlagStatus  stm32f10x_usart.o
    0x08004a8e   0x00000054   Code   RO         4055    i.USART_GetITStatus  stm32f10x_usart.o
    0x08004ae2   0x0000004a   Code   RO         4057    i.USART_ITConfig    stm32f10x_usart.o
    0x08004b2c   0x000000d8   Code   RO         4058    i.USART_Init        stm32f10x_usart.o
    0x08004c04   0x0000000a   Code   RO         4065    i.USART_ReceiveData  stm32f10x_usart.o
    0x08004c0e   0x00000008   Code   RO         4068    i.USART_SendData    stm32f10x_usart.o
    0x08004c16   0x00000004   Code   RO          124    i.UsageFault_Handler  stm32f10x_it.o
    0x08004c1a   0x00000002   PAD
    0x08004c1c   0x00000758   Code   RO         1200    i.Usart1RxPackgeDeal  usart1deal.o
    0x08005374   0x0000002a   Code   RO          802    i.WIN24C02_BufferRead  win_24c02.o
    0x0800539e   0x00000030   Code   RO          803    i.WIN24C02_BufferWrite  win_24c02.o
    0x080053ce   0x00000002   PAD
    0x080053d0   0x00000024   Code   RO          804    i.WIN24C02_init     win_24c02.o
    0x080053f4   0x0000003e   Code   RO          805    i.WIN24C02_read     win_24c02.o
    0x08005432   0x00000034   Code   RO          806    i.WIN24C02_write    win_24c02.o
    0x08005466   0x0000000e   Code   RO         4401    i.__scatterload_copy  mc_w.l(handlers.o)(mc_w.l)
    0x08005474   0x00000002   Code   RO         4402    i.__scatterload_null  mc_w.l(handlers.o)(mc_w.l)
    0x08005476   0x0000000e   Code   RO         4403    i.__scatterload_zeroinit  mc_w.l(handlers.o)(mc_w.l)
    0x08005484   0x0000010c   Code   RO          487    i.allinfoTochar     protocal.o
    0x08005590   0x0000004c   Code   RO         1011    i.changeMessageCacheCnt  sampling.o
    0x080055dc   0x0000002c   Code   RO          489    i.charToint8        protocal.o
    0x08005608   0x00000034   Code   RO          491    i.charTouintx       protocal.o
    0x0800563c   0x0000004c   Code   RO          807    i.clock             win_24c02.o
    0x08005688   0x000001ec   Code   RO          492    i.creatPtrTotrans   protocal.o
    0x08005874   0x0000000c   Code   RO          808    i.delay2            win_24c02.o
    0x08005880   0x00000020   Code   RO          335    i.delay_ms          systembody.o
    0x080058a0   0x00000010   Code   RO          809    i.delay_nop         win_24c02.o
    0x080058b0   0x00000040   Code   RO          493    i.extractFCandAdrandId  protocal.o
    0x080058f0   0x00000042   Code   RO          494    i.extractHEADandTAIL  protocal.o
    0x08005932   0x00000002   PAD
    0x08005934   0x00000040   Code   RO          125    i.filter            stm32f10x_it.o
    0x08005974   0x00000050   Code   RO         4339    i.free              mc_w.l(malloc.o)(mc_w.l)
    0x080059c4   0x00000120   Code   RO          336    i.getTimeandDeviceInfo  systembody.o
    0x08005ae4   0x00000024   Code   RO          495    i.isdevinforight    protocal.o
    0x08005b08   0x000002fc   Code   RO            1    i.main              main.o
    0x08005e04   0x0000006c   Code   RO         4340    i.malloc            mc_w.l(malloc.o)(mc_w.l)
    0x08005e70   0x00000074   Code   RO          496    i.parseChar_ptr     protocal.o
    0x08005ee4   0x00000078   Code   RO          810    i.readx             win_24c02.o
    0x08005f5c   0x000000ec   Code   RO          337    i.recordTime        systembody.o
    0x08006048   0x00000010   Code   RO          497    i.releaseChar_ptr   protocal.o
    0x08006058   0x00000002   Code   RO          338    i.save              systembody.o
    0x0800605a   0x00000002   PAD
    0x0800605c   0x00000040   Code   RO          811    i.start             win_24c02.o
    0x0800609c   0x00000034   Code   RO          812    i.stop              win_24c02.o
    0x080060d0   0x00000044   Code   RO          498    i.timeinfoTochar    protocal.o
    0x08006114   0x00000014   Code   RO          499    i.uint8Tochar       protocal.o
    0x08006128   0x0000002a   Code   RO          500    i.uintxTochar       protocal.o
    0x08006152   0x00000002   PAD
    0x08006154   0x00000078   Code   RO          813    i.writex            win_24c02.o
    0x080061cc   0x00000014   Data   RO          501    .constdata          protocal.o
    0x080061e0   0x0000034c   Data   RO         1013    .constdata          sampling.o
    0x0800652c   0x00000020   Data   RO         4399    Region$$Table       anon$$obj.o


    Execution Region RW_IRAM1 (Base: 0x20000000, Size: 0x00000a50, Max: 0x00010000, ABSOLUTE)

    Base Addr    Size         Type   Attr      Idx    E Section Name        Object

    0x20000000   0x0000003a   Data   RW            3    .data               main.o
    0x2000003a   0x00000002   PAD
    0x2000003c   0x0000000c   Data   RW          127    .data               stm32f10x_it.o
    0x20000048   0x00000023   Data   RW          344    .data               systembody.o
    0x2000006b   0x0000000c   Data   RW          502    .data               protocal.o
    0x20000077   0x00000010   Data   RW          928    .data               usart.o
    0x20000087   0x00000001   PAD
    0x20000088   0x0000003d   Data   RW         1014    .data               sampling.o
    0x200000c5   0x00000003   PAD
    0x200000c8   0x00000024   Data   RW         1097    .data               messagesave.o
    0x200000ec   0x00000012   Data   RW         1143    .data               ds1302.o
    0x200000fe   0x00000006   Data   RW         1202    .data               usart1deal.o
    0x20000104   0x00000014   Data   RW         2860    .data               stm32f10x_rcc.o
    0x20000118   0x00000004   Data   RW         4392    .data               mc_w.l(mvars.o)(mc_w.l)
    0x2000011c   0x00000004   Data   RW         4393    .data               mc_w.l(mvars.o)(mc_w.l)
    0x20000120   0x000000cc   Zero   RW            2    .bss                main.o
    0x200001ec   0x00000014   Zero   RW          126    .bss                stm32f10x_it.o
    0x20000200   0x00000022   Zero   RW          343    .bss                systembody.o
    0x20000222   0x00000190   Zero   RW          927    .bss                usart.o
    0x200003b2   0x00000002   PAD
    0x200003b4   0x00000028   Zero   RW         1012    .bss                sampling.o
    0x200003dc   0x0000006f   Zero   RW         1096    .bss                messagesave.o
    0x2000044b   0x00000005   PAD
    0x20000450   0x00000200   Zero   RW         4330    HEAP                startup_stm32f10x_cl.o
    0x20000650   0x00000400   Zero   RW         4329    STACK               startup_stm32f10x_cl.o


==============================================================================

Image component sizes


      Code (inc. data)   RO Data    RW Data    ZI Data      Debug   Object Name

         0          0          0          0          0          0   core_cm3.o
       556         30          0         18          0          0   ds1302.o
       764        134          0         58        204          0   main.o
      1312        102          0         36        111          0   messagesave.o
       152         24          0          0          0          0   misc.o
      1488         44         20         12          0          0   protocal.o
      1348        162        844         61         40          0   sampling.o
        36          8        336          0       1536          0   startup_stm32f10x_cl.o
       482         24          0          0          0          0   stm32f10x_adc.o
       878         36          0          0          0          0   stm32f10x_can.o
       510         36          0          0          0          0   stm32f10x_dma.o
       452          6          0          0          0          0   stm32f10x_gpio.o
      1678        310          0         12         20          0   stm32f10x_it.o
       584         62          0         20          0          0   stm32f10x_rcc.o
       112          0          0          0          0          0   stm32f10x_spi.o
       252         42          0          0          0          0   stm32f10x_tim.o
       472          6          0          0          0          0   stm32f10x_usart.o
       372         32          0          0          0          0   system_stm32f10x.o
      7746        530          0         35         34          0   systembody.o
       938         50          0          0          0          0   sz_spi_flash.o
       904         74          0         16        400          0   usart.o
      1880        162          0          6          0          0   usart1deal.o
       844         38          0          0          0          0   win_24c02.o

    ----------------------------------------------------------------------
     23794       1912       1232        280       2352          0   Object Totals
         0          0         32          0          0          0   (incl. Generated)
        34          0          0          6          7          3   (incl. Padding)

    ----------------------------------------------------------------------

      Code (inc. data)   RO Data    RW Data    ZI Data      Debug   Library Member Name

         0          0          0          0          0          0   entry.o
         8          4          0          0          0          0   entry2.o
         4          0          0          0          0          0   entry5.o
         8          4          0          0          0          0   entry7.o
        30          0          0          0          0          0   handlers.o
        36          8          0          0          0          0   init.o
         0          0          0          0          0          0   iusefp.o
       188         20          0          0          0          0   malloc.o
         0          0          0          8          0          0   mvars.o
        20          0          0          0          0          0   cfcmple.o
        20          0          0          0          0          0   cfrcmple.o
       176          0          0          0          0          0   fadd.o
       128          0          0          0          0          0   fdiv.o
       112          0          0          0          0          0   fepilogue.o
        40          0          0          0          0          0   ffixui.o
        18          0          0          0          0          0   fflti.o
        10          0          0          0          0          0   ffltui.o
       108          0          0          0          0          0   fmul.o

    ----------------------------------------------------------------------
       906         36          0          8          0          0   Library Totals
         0          0          0          0          0          0   (incl. Padding)

    ----------------------------------------------------------------------

      Code (inc. data)   RO Data    RW Data    ZI Data      Debug   Library Name

       274         36          0          8          0        228   mc_w.l
       632          0          0          0          0        812   mf_w.l

    ----------------------------------------------------------------------
       906         36          0          8          0          0   Library Totals

    ----------------------------------------------------------------------

==============================================================================


      Code (inc. data)   RO Data    RW Data    ZI Data      Debug   

     24700       1948       1232        288       2352    1198112   Grand Totals
     24700       1948       1232        288       2352    1198112   ELF Image Totals
     24700       1948       1232        288          0          0   ROM Totals

==============================================================================

    Total RO  Size (Code + RO Data)                25932 (  25.32kB)
    Total RW  Size (RW Data + ZI Data)              2640 (   2.58kB)
    Total ROM Size (Code + RO Data + RW Data)      26220 (  25.61kB)

==============================================================================

